<html>
<body>
<pre>
<h1>µVision Build Log</h1>
<h2>Tool Versions:</h2>
IDE-Version: ¦ÌVision V5.29.0.0
Copyright (C) 2019 ARM Ltd and ARM Germany GmbH. All rights reserved.
License Information: a a, a, LIC=R4HHL-0Y2M5-15DTV-PLX31-ABNKK-81EB9
 
Tool Versions:
Toolchain:       MDK-ARM Professional  Version: 5.29.0.0
Toolchain Path:  D:\Keil_v5\ARM\ARMCC\Bin
C Compiler:      Armcc.exe V5.06 update 6 (build 750)
Assembler:       Armasm.exe V5.06 update 6 (build 750)
Linker/Locator:  ArmLink.exe V5.06 update 6 (build 750)
Library Manager: ArmAr.exe V5.06 update 6 (build 750)
Hex Converter:   FromElf.exe V5.06 update 6 (build 750)
CPU DLL:         SARMCM3.DLL V5.29.0.0
Dialog DLL:      DCM.DLL V1.17.3.0
Target DLL:      Segger\JL2CM3.dll V2.99.36.0
Dialog DLL:      TCM.DLL V1.36.5.0
 
<h2>Project:</h2>
D:\ma_learn\202004-IOT-DEV_V1\IOT_V1_15 wifiIO ledIO oled\project\uVision5\F103Cx_FreeRTOS_emptyPrj.uvprojx
Project File Date:  08/13/2020

<h2>Output:</h2>
*** Using Compiler 'V5.06 update 6 (build 750)', folder: 'D:\Keil_v5\ARM\ARMCC\Bin'
Build target 'F103Cx_FreeRTOS_emptyPrj'
compiling timer3.c...
compiling wifi.c...
compiling main.c...
compiling onenet_http.c...
..\..\APP\onenet_http\onenet_http.c(118): warning:  #223-D: function "vTaskDelay" declared implicitly
  				vTaskDelay(10);
..\..\APP\onenet_http\onenet_http.c: 1 warning, 0 errors
compiling seniverse_http.c...
..\..\APP\seniverse_http\seniverse_http.c(66): warning:  #188-D: enumerated type mixed with another type
  	xdate->month = atoi(xstr+5);
..\..\APP\seniverse_http\seniverse_http.c(88): warning:  #188-D: enumerated type mixed with another type
  			DateWeather->day.weaCode = atoi(xstr+12);
..\..\APP\seniverse_http\seniverse_http.c(93): warning:  #188-D: enumerated type mixed with another type
  			DateWeather->night.weaCode = atoi(xstr+14);
..\..\APP\seniverse_http\seniverse_http.c: 3 warnings, 0 errors
linking...
Program Size: Code=31340 RO-data=5620 RW-data=252 ZI-data=19284  
".\Objects\F103Cx_FreeRTOS_emptyPrj.axf" - 0 Error(s), 4 Warning(s).

<h2>Software Packages used:</h2>

Package Vendor: Keil
                http://www.keil.com/pack/Keil.STM32F1xx_DFP.2.3.0.pack
                Keil.STM32F1xx_DFP.2.3.0
                STMicroelectronics STM32F1 Series Device Support, Drivers and Examples

<h2>Collection of Component include folders:</h2>
  .\RTE\_F103Cx_FreeRTOS_emptyPrj
  D:\Keil_v5\Arm\Packs\Keil\STM32F1xx_DFP\2.3.0\Device\Include

<h2>Collection of Component Files used:</h2>
Build Time Elapsed:  00:00:04
</pre>
</body>
</html>
