Component: ARM Compiler 5.06 update 6 (build 750) Tool: armlink [4d35ed]

==============================================================================

Section Cross References

    startup_stm32f10x_md.o(STACK) refers (Special) to heapauxi.o(.text) for __use_two_region_memory
    startup_stm32f10x_md.o(HEAP) refers (Special) to heapauxi.o(.text) for __use_two_region_memory
    startup_stm32f10x_md.o(RESET) refers (Special) to heapauxi.o(.text) for __use_two_region_memory
    startup_stm32f10x_md.o(RESET) refers to startup_stm32f10x_md.o(STACK) for __initial_sp
    startup_stm32f10x_md.o(RESET) refers to startup_stm32f10x_md.o(.text) for Reset_Handler
    startup_stm32f10x_md.o(RESET) refers to stm32f10x_it.o(i.NMI_Handler) for NMI_Handler
    startup_stm32f10x_md.o(RESET) refers to stm32f10x_it.o(i.HardFault_Handler) for HardFault_Handler
    startup_stm32f10x_md.o(RESET) refers to stm32f10x_it.o(i.MemManage_Handler) for MemManage_Handler
    startup_stm32f10x_md.o(RESET) refers to stm32f10x_it.o(i.BusFault_Handler) for BusFault_Handler
    startup_stm32f10x_md.o(RESET) refers to stm32f10x_it.o(i.UsageFault_Handler) for UsageFault_Handler
    startup_stm32f10x_md.o(RESET) refers to port.o(.emb_text) for SVC_Handler
    startup_stm32f10x_md.o(RESET) refers to stm32f10x_it.o(i.DebugMon_Handler) for DebugMon_Handler
    startup_stm32f10x_md.o(RESET) refers to delay.o(i.SysTick_Handler) for SysTick_Handler
    startup_stm32f10x_md.o(RESET) refers to timer3.o(i.TIM3_IRQHandler) for TIM3_IRQHandler
    startup_stm32f10x_md.o(RESET) refers to uart1.o(i.USART1_IRQHandler) for USART1_IRQHandler
    startup_stm32f10x_md.o(RESET) refers to uart2.o(i.USART2_IRQHandler) for USART2_IRQHandler
    startup_stm32f10x_md.o(RESET) refers to uart3.o(i.USART3_IRQHandler) for USART3_IRQHandler
    startup_stm32f10x_md.o(.text) refers (Special) to heapauxi.o(.text) for __use_two_region_memory
    startup_stm32f10x_md.o(.text) refers to system_stm32f10x.o(i.SystemInit) for SystemInit
    startup_stm32f10x_md.o(.text) refers to __main.o(!!!main) for __main
    startup_stm32f10x_md.o(.text) refers to startup_stm32f10x_md.o(HEAP) for Heap_Mem
    startup_stm32f10x_md.o(.text) refers to startup_stm32f10x_md.o(STACK) for Stack_Mem
    system_stm32f10x.o(i.SetSysClock) refers to system_stm32f10x.o(i.SetSysClockTo72) for SetSysClockTo72
    system_stm32f10x.o(i.SystemCoreClockUpdate) refers to system_stm32f10x.o(.data) for SystemCoreClock
    system_stm32f10x.o(i.SystemInit) refers to system_stm32f10x.o(i.SetSysClock) for SetSysClock
    stm32f10x_adc.o(i.ADC_DeInit) refers to stm32f10x_rcc.o(i.RCC_APB2PeriphResetCmd) for RCC_APB2PeriphResetCmd
    stm32f10x_bkp.o(i.BKP_DeInit) refers to stm32f10x_rcc.o(i.RCC_BackupResetCmd) for RCC_BackupResetCmd
    stm32f10x_can.o(i.CAN_DeInit) refers to stm32f10x_rcc.o(i.RCC_APB1PeriphResetCmd) for RCC_APB1PeriphResetCmd
    stm32f10x_can.o(i.CAN_GetITStatus) refers to stm32f10x_can.o(i.CheckITStatus) for CheckITStatus
    stm32f10x_cec.o(i.CEC_DeInit) refers to stm32f10x_rcc.o(i.RCC_APB1PeriphResetCmd) for RCC_APB1PeriphResetCmd
    stm32f10x_dac.o(i.DAC_DeInit) refers to stm32f10x_rcc.o(i.RCC_APB1PeriphResetCmd) for RCC_APB1PeriphResetCmd
    stm32f10x_flash.o(i.FLASH_EnableWriteProtection) refers to stm32f10x_flash.o(i.FLASH_WaitForLastOperation) for FLASH_WaitForLastOperation
    stm32f10x_flash.o(i.FLASH_EraseAllBank1Pages) refers to stm32f10x_flash.o(i.FLASH_WaitForLastBank1Operation) for FLASH_WaitForLastBank1Operation
    stm32f10x_flash.o(i.FLASH_EraseAllPages) refers to stm32f10x_flash.o(i.FLASH_WaitForLastOperation) for FLASH_WaitForLastOperation
    stm32f10x_flash.o(i.FLASH_EraseOptionBytes) refers to stm32f10x_flash.o(i.FLASH_GetReadOutProtectionStatus) for FLASH_GetReadOutProtectionStatus
    stm32f10x_flash.o(i.FLASH_EraseOptionBytes) refers to stm32f10x_flash.o(i.FLASH_WaitForLastOperation) for FLASH_WaitForLastOperation
    stm32f10x_flash.o(i.FLASH_ErasePage) refers to stm32f10x_flash.o(i.FLASH_WaitForLastOperation) for FLASH_WaitForLastOperation
    stm32f10x_flash.o(i.FLASH_ProgramHalfWord) refers to stm32f10x_flash.o(i.FLASH_WaitForLastOperation) for FLASH_WaitForLastOperation
    stm32f10x_flash.o(i.FLASH_ProgramOptionByteData) refers to stm32f10x_flash.o(i.FLASH_WaitForLastOperation) for FLASH_WaitForLastOperation
    stm32f10x_flash.o(i.FLASH_ProgramWord) refers to stm32f10x_flash.o(i.FLASH_WaitForLastOperation) for FLASH_WaitForLastOperation
    stm32f10x_flash.o(i.FLASH_ReadOutProtection) refers to stm32f10x_flash.o(i.FLASH_WaitForLastOperation) for FLASH_WaitForLastOperation
    stm32f10x_flash.o(i.FLASH_UserOptionByteConfig) refers to stm32f10x_flash.o(i.FLASH_WaitForLastOperation) for FLASH_WaitForLastOperation
    stm32f10x_flash.o(i.FLASH_WaitForLastBank1Operation) refers to stm32f10x_flash.o(i.FLASH_GetBank1Status) for FLASH_GetBank1Status
[...]
    __rt_lib_init_lc_numeric_2               0x08000205   Thumb Code     0  libinit2.o(.ARM.Collect$$libinit$$00000016)
    __rt_lib_init_alloca_1                   0x0800020f   Thumb Code     0  libinit2.o(.ARM.Collect$$libinit$$0000002E)
    __rt_lib_init_argv_1                     0x0800020f   Thumb Code     0  libinit2.o(.ARM.Collect$$libinit$$0000002C)
    __rt_lib_init_atexit_1                   0x0800020f   Thumb Code     0  libinit2.o(.ARM.Collect$$libinit$$0000001B)
    __rt_lib_init_clock_1                    0x0800020f   Thumb Code     0  libinit2.o(.ARM.Collect$$libinit$$00000021)
    __rt_lib_init_cpp_1                      0x0800020f   Thumb Code     0  libinit2.o(.ARM.Collect$$libinit$$00000032)
    __rt_lib_init_exceptions_1               0x0800020f   Thumb Code     0  libinit2.o(.ARM.Collect$$libinit$$00000030)
    __rt_lib_init_fp_trap_1                  0x0800020f   Thumb Code     0  libinit2.o(.ARM.Collect$$libinit$$0000001F)
    __rt_lib_init_getenv_1                   0x0800020f   Thumb Code     0  libinit2.o(.ARM.Collect$$libinit$$00000023)
    __rt_lib_init_lc_numeric_1               0x0800020f   Thumb Code     0  libinit2.o(.ARM.Collect$$libinit$$00000017)
    __rt_lib_init_lc_time_1                  0x0800020f   Thumb Code     0  libinit2.o(.ARM.Collect$$libinit$$00000019)
    __rt_lib_init_return                     0x0800020f   Thumb Code     0  libinit2.o(.ARM.Collect$$libinit$$00000033)
    __rt_lib_init_signal_1                   0x0800020f   Thumb Code     0  libinit2.o(.ARM.Collect$$libinit$$0000001D)
    __rt_lib_init_stdio_1                    0x0800020f   Thumb Code     0  libinit2.o(.ARM.Collect$$libinit$$00000025)
    __rt_lib_shutdown                        0x08000211   Thumb Code     0  libshutdown.o(.ARM.Collect$$libshutdown$$00000000)
    __rt_lib_shutdown_cpp_1                  0x08000213   Thumb Code     0  libshutdown2.o(.ARM.Collect$$libshutdown$$00000002)
    __rt_lib_shutdown_fp_trap_1              0x08000213   Thumb Code     0  libshutdown2.o(.ARM.Collect$$libshutdown$$00000007)
    __rt_lib_shutdown_heap_1                 0x08000213   Thumb Code     0  libshutdown2.o(.ARM.Collect$$libshutdown$$0000000F)
    __rt_lib_shutdown_return                 0x08000213   Thumb Code     0  libshutdown2.o(.ARM.Collect$$libshutdown$$00000010)
    __rt_lib_shutdown_signal_1               0x08000213   Thumb Code     0  libshutdown2.o(.ARM.Collect$$libshutdown$$0000000A)
    __rt_lib_shutdown_stdio_1                0x08000213   Thumb Code     0  libshutdown2.o(.ARM.Collect$$libshutdown$$00000004)
    __rt_lib_shutdown_user_alloc_1           0x08000213   Thumb Code     0  libshutdown2.o(.ARM.Collect$$libshutdown$$0000000C)
    __rt_entry                               0x08000215   Thumb Code     0  __rtentry.o(.ARM.Collect$$rtentry$$00000000)
    __rt_entry_presh_1                       0x08000215   Thumb Code     0  __rtentry2.o(.ARM.Collect$$rtentry$$00000002)
    __rt_entry_sh                            0x08000215   Thumb Code     0  __rtentry4.o(.ARM.Collect$$rtentry$$00000004)
    __rt_entry_li                            0x0800021b   Thumb Code     0  __rtentry2.o(.ARM.Collect$$rtentry$$0000000A)
    __rt_entry_postsh_1                      0x0800021b   Thumb Code     0  __rtentry2.o(.ARM.Collect$$rtentry$$00000009)
    __rt_entry_main                          0x0800021f   Thumb Code     0  __rtentry2.o(.ARM.Collect$$rtentry$$0000000D)
    __rt_entry_postli_1                      0x0800021f   Thumb Code     0  __rtentry2.o(.ARM.Collect$$rtentry$$0000000C)
    __rt_exit                                0x08000227   Thumb Code     0  rtexit.o(.ARM.Collect$$rtexit$$00000000)
    __rt_exit_ls                             0x08000229   Thumb Code     0  rtexit2.o(.ARM.Collect$$rtexit$$00000003)
    __rt_exit_prels_1                        0x08000229   Thumb Code     0  rtexit2.o(.ARM.Collect$$rtexit$$00000002)
    __rt_exit_exit                           0x0800022d   Thumb Code     0  rtexit2.o(.ARM.Collect$$rtexit$$00000004)
    SVC_Handler                              0x08000235   Thumb Code    32  port.o(.emb_text)
    __asm___6_port_c_39a90d8d__prvStartFirstTask 0x08000259   Thumb Code    28  port.o(.emb_text)
    PendSV_Handler                           0x08000279   Thumb Code    72  port.o(.emb_text)
    vPortGetIPSR                             0x080002c5   Thumb Code     6  port.o(.emb_text)
    Reset_Handler                            0x080002cd   Thumb Code     8  startup_stm32f10x_md.o(.text)
    ADC1_2_IRQHandler                        0x080002e7   Thumb Code     0  startup_stm32f10x_md.o(.text)
    CAN1_RX1_IRQHandler                      0x080002e7   Thumb Code     0  startup_stm32f10x_md.o(.text)
    CAN1_SCE_IRQHandler                      0x080002e7   Thumb Code     0  startup_stm32f10x_md.o(.text)
    DMA1_Channel1_IRQHandler                 0x080002e7   Thumb Code     0  startup_stm32f10x_md.o(.text)
    DMA1_Channel2_IRQHandler                 0x080002e7   Thumb Code     0  startup_stm32f10x_md.o(.text)
    DMA1_Channel3_IRQHandler                 0x080002e7   Thumb Code     0  startup_stm32f10x_md.o(.text)
    DMA1_Channel4_IRQHandler                 0x080002e7   Thumb Code     0  startup_stm32f10x_md.o(.text)
    DMA1_Channel5_IRQHandler                 0x080002e7   Thumb Code     0  startup_stm32f10x_md.o(.text)
    DMA1_Channel6_IRQHandler                 0x080002e7   Thumb Code     0  startup_stm32f10x_md.o(.text)
    DMA1_Channel7_IRQHandler                 0x080002e7   Thumb Code     0  startup_stm32f10x_md.o(.text)
    EXTI0_IRQHandler                         0x080002e7   Thumb Code     0  startup_stm32f10x_md.o(.text)
    EXTI15_10_IRQHandler                     0x080002e7   Thumb Code     0  startup_stm32f10x_md.o(.text)
    EXTI1_IRQHandler                         0x080002e7   Thumb Code     0  startup_stm32f10x_md.o(.text)
    EXTI2_IRQHandler                         0x080002e7   Thumb Code     0  startup_stm32f10x_md.o(.text)
    EXTI3_IRQHandler                         0x080002e7   Thumb Code     0  startup_stm32f10x_md.o(.text)
    EXTI4_IRQHandler                         0x080002e7   Thumb Code     0  startup_stm32f10x_md.o(.text)
    EXTI9_5_IRQHandler                       0x080002e7   Thumb Code     0  startup_stm32f10x_md.o(.text)
    FLASH_IRQHandler                         0x080002e7   Thumb Code     0  startup_stm32f10x_md.o(.text)
    I2C1_ER_IRQHandler                       0x080002e7   Thumb Code     0  startup_stm32f10x_md.o(.text)
    I2C1_EV_IRQHandler                       0x080002e7   Thumb Code     0  startup_stm32f10x_md.o(.text)
    I2C2_ER_IRQHandler                       0x080002e7   Thumb Code     0  startup_stm32f10x_md.o(.text)
    I2C2_EV_IRQHandler                       0x080002e7   Thumb Code     0  startup_stm32f10x_md.o(.text)
    PVD_IRQHandler                           0x080002e7   Thumb Code     0  startup_stm32f10x_md.o(.text)
    RCC_IRQHandler                           0x080002e7   Thumb Code     0  startup_stm32f10x_md.o(.text)
    RTCAlarm_IRQHandler                      0x080002e7   Thumb Code     0  startup_stm32f10x_md.o(.text)
    RTC_IRQHandler                           0x080002e7   Thumb Code     0  startup_stm32f10x_md.o(.text)
    SPI1_IRQHandler                          0x080002e7   Thumb Code     0  startup_stm32f10x_md.o(.text)
    SPI2_IRQHandler                          0x080002e7   Thumb Code     0  startup_stm32f10x_md.o(.text)
    TAMPER_IRQHandler                        0x080002e7   Thumb Code     0  startup_stm32f10x_md.o(.text)
    TIM1_BRK_IRQHandler                      0x080002e7   Thumb Code     0  startup_stm32f10x_md.o(.text)
    TIM1_CC_IRQHandler                       0x080002e7   Thumb Code     0  startup_stm32f10x_md.o(.text)
    TIM1_TRG_COM_IRQHandler                  0x080002e7   Thumb Code     0  startup_stm32f10x_md.o(.text)
    TIM1_UP_IRQHandler                       0x080002e7   Thumb Code     0  startup_stm32f10x_md.o(.text)
    TIM2_IRQHandler                          0x080002e7   Thumb Code     0  startup_stm32f10x_md.o(.text)
    TIM4_IRQHandler                          0x080002e7   Thumb Code     0  startup_stm32f10x_md.o(.text)
    USBWakeUp_IRQHandler                     0x080002e7   Thumb Code     0  startup_stm32f10x_md.o(.text)
    USB_HP_CAN1_TX_IRQHandler                0x080002e7   Thumb Code     0  startup_stm32f10x_md.o(.text)
    USB_LP_CAN1_RX0_IRQHandler               0x080002e7   Thumb Code     0  startup_stm32f10x_md.o(.text)
    WWDG_IRQHandler                          0x080002e7   Thumb Code     0  startup_stm32f10x_md.o(.text)
    __user_initial_stackheap                 0x080002e9   Thumb Code     0  startup_stm32f10x_md.o(.text)
    __use_no_semihosting                     0x0800030d   Thumb Code     2  use_no_semi_2.o(.text)
    __aeabi_llsl                             0x0800030f   Thumb Code     0  llshl.o(.text)
    _ll_shift_l                              0x0800030f   Thumb Code    38  llshl.o(.text)
    __aeabi_llsr                             0x08000335   Thumb Code     0  llushr.o(.text)
    _ll_ushift_r                             0x08000335   Thumb Code    38  llushr.o(.text)
    printf                                   0x0800035d   Thumb Code    20  printf.o(.text)
    vsprintf                                 0x08000375   Thumb Code    32  vsprintf.o(.text)
    __2printf                                0x08000399   Thumb Code    20  __2printf.o(.text)
    __2sprintf                               0x080003b1   Thumb Code    38  __2sprintf.o(.text)
    _printf_pre_padding                      0x080003dd   Thumb Code    44  _printf_pad.o(.text)
    _printf_post_padding                     0x08000409   Thumb Code    34  _printf_pad.o(.text)
    _printf_str                              0x0800042b   Thumb Code    82  _printf_str.o(.text)
    _printf_int_dec                          0x0800047d   Thumb Code   104  _printf_dec.o(.text)
    __printf                                 0x080004f5   Thumb Code   388  __printf_flags_ss_wp.o(.text)
    atoi                                     0x0800067d   Thumb Code    26  atoi.o(.text)
    strstr                                   0x08000697   Thumb Code    36  strstr.o(.text)
    strlen                                   0x080006bb   Thumb Code    62  strlen.o(.text)
    strcat                                   0x080006f9   Thumb Code    24  strcat.o(.text)
    __aeabi_memcpy                           0x08000711   Thumb Code     0  rt_memcpy_v6.o(.text)
    __rt_memcpy                              0x08000711   Thumb Code   138  rt_memcpy_v6.o(.text)
    _memcpy_lastbytes                        0x08000777   Thumb Code     0  rt_memcpy_v6.o(.text)
    __aeabi_memset                           0x0800079b   Thumb Code    16  aeabi_memset.o(.text)
    __aeabi_memclr                           0x080007ab   Thumb Code     0  rt_memclr.o(.text)
    __rt_memclr                              0x080007ab   Thumb Code    68  rt_memclr.o(.text)
    _memset                                  0x080007af   Thumb Code     0  rt_memclr.o(.text)
    __aeabi_memclr4                          0x080007ef   Thumb Code     0  rt_memclr_w.o(.text)
    __aeabi_memclr8                          0x080007ef   Thumb Code     0  rt_memclr_w.o(.text)
    __rt_memclr_w                            0x080007ef   Thumb Code    78  rt_memclr_w.o(.text)
    _memset_w                                0x080007f3   Thumb Code     0  rt_memclr_w.o(.text)
    __use_two_region_memory                  0x0800083d   Thumb Code     2  heapauxi.o(.text)
    __rt_heap_escrow$2region                 0x0800083f   Thumb Code     2  heapauxi.o(.text)
    __rt_heap_expand$2region                 0x08000841   Thumb Code     2  heapauxi.o(.text)
    __I$use$semihosting                      0x08000843   Thumb Code     0  use_no_semi.o(.text)
    __use_no_semihosting_swi                 0x08000843   Thumb Code     2  use_no_semi.o(.text)
    __aeabi_errno_addr                       0x08000845   Thumb Code     8  rt_errno_addr_intlibspace.o(.text)
    __errno$intlibspace                      0x08000845   Thumb Code     0  rt_errno_addr_intlibspace.o(.text)
    __rt_errno_addr$intlibspace              0x08000845   Thumb Code     0  rt_errno_addr_intlibspace.o(.text)
    _printf_truncate_signed                  0x0800084d   Thumb Code    18  _printf_truncate.o(.text)
    _printf_truncate_unsigned                0x0800085f   Thumb Code    18  _printf_truncate.o(.text)
    _printf_int_common                       0x08000871   Thumb Code   178  _printf_intcommon.o(.text)
    _printf_charcount                        0x08000923   Thumb Code    40  _printf_charcount.o(.text)
    _printf_char_common                      0x08000957   Thumb Code    32  _printf_char_common.o(.text)
    _sputc                                   0x0800097d   Thumb Code    10  _sputc.o(.text)
    _printf_cs_common                        0x08000987   Thumb Code    20  _printf_char.o(.text)
    _printf_char                             0x0800099b   Thumb Code    16  _printf_char.o(.text)
    _printf_string                           0x080009ab   Thumb Code     8  _printf_char.o(.text)
    _printf_char_file                        0x080009b5   Thumb Code    32  _printf_char_file.o(.text)
    _printf_wctomb                           0x080009d9   Thumb Code   182  _printf_wctomb.o(.text)
    _printf_longlong_dec                     0x08000a95   Thumb Code   108  _printf_longlong_dec.o(.text)
    _printf_longlong_oct                     0x08000b11   Thumb Code    66  _printf_oct_int_ll.o(.text)
    _printf_int_oct                          0x08000b53   Thumb Code    24  _printf_oct_int_ll.o(.text)
    _printf_ll_oct                           0x08000b6b   Thumb Code    12  _printf_oct_int_ll.o(.text)
    _printf_longlong_hex                     0x08000b81   Thumb Code    86  _printf_hex_int_ll_ptr.o(.text)
    _printf_int_hex                          0x08000bd7   Thumb Code    28  _printf_hex_int_ll_ptr.o(.text)
    _printf_ll_hex                           0x08000bf3   Thumb Code    12  _printf_hex_int_ll_ptr.o(.text)
    _printf_hex_ptr                          0x08000bff   Thumb Code    18  _printf_hex_int_ll_ptr.o(.text)
    strtol                                   0x08000c15   Thumb Code   112  strtol.o(.text)
    __aeabi_memcpy4                          0x08000c85   Thumb Code     0  rt_memcpy_w.o(.text)
    __aeabi_memcpy8                          0x08000c85   Thumb Code     0  rt_memcpy_w.o(.text)
    __rt_memcpy_w                            0x08000c85   Thumb Code   100  rt_memcpy_w.o(.text)
    _memcpy_lastbytes_aligned                0x08000ccd   Thumb Code     0  rt_memcpy_w.o(.text)
    __user_libspace                          0x08000ce9   Thumb Code     8  libspace.o(.text)
    __user_perproc_libspace                  0x08000ce9   Thumb Code     0  libspace.o(.text)
    __user_perthread_libspace                0x08000ce9   Thumb Code     0  libspace.o(.text)
    __rt_ctype_table                         0x08000cf1   Thumb Code    16  rt_ctype_table.o(.text)
    _ll_udiv10                               0x08000d01   Thumb Code   138  lludiv10.o(.text)
    __lib_sel_fp_printf                      0x08000d8b   Thumb Code     2  _printf_fp_dec.o(.text)
    _printf_fp_dec_real                      0x08000f3d   Thumb Code   620  _printf_fp_dec.o(.text)
    _printf_fp_hex_real                      0x080011a9   Thumb Code   756  _printf_fp_hex.o(.text)
    _printf_lcs_common                       0x080014a5   Thumb Code    20  _printf_wchar.o(.text)
    _printf_wchar                            0x080014b9   Thumb Code    16  _printf_wchar.o(.text)
    _printf_wstring                          0x080014c9   Thumb Code     8  _printf_wchar.o(.text)
    _strtoul                                 0x080014d1   Thumb Code   158  _strtoul.o(.text)
    ferror                                   0x0800156f   Thumb Code     8  ferror.o(.text)
    _wcrtomb                                 0x08001577   Thumb Code    64  _wcrtomb.o(.text)
    __user_setup_stackheap                   0x080015b7   Thumb Code    74  sys_stackheap_outer.o(.text)
    __rt_locale                              0x08001601   Thumb Code     8  rt_locale_intlibspace.o(.text)
    _printf_fp_infnan                        0x08001609   Thumb Code   112  _printf_fp_infnan.o(.text)
    _chval                                   0x08001689   Thumb Code    28  _chval.o(.text)
    _btod_etento                             0x080016a5   Thumb Code   224  bigflt0.o(.text)
    exit                                     0x08001789   Thumb Code    18  exit.o(.text)
    strcmp                                   0x0800179d   Thumb Code   128  strcmpv7m.o(.text)
    _btod_d2e                                0x0800181d   Thumb Code    62  btod.o(CL$$btod_d2e)
    _d2e_denorm_low                          0x0800185b   Thumb Code    70  btod.o(CL$$btod_d2e_denorm_low)
    _d2e_norm_op1                            0x080018a1   Thumb Code    96  btod.o(CL$$btod_d2e_norm_op1)
    __btod_div_common                        0x08001901   Thumb Code   696  btod.o(CL$$btod_div_common)
    _e2e                                     0x08001c39   Thumb Code   220  btod.o(CL$$btod_e2e)
    _btod_ediv                               0x08001d15   Thumb Code    42  btod.o(CL$$btod_ediv)
    _btod_emul                               0x08001d3f   Thumb Code    42  btod.o(CL$$btod_emul)
    __btod_mult_common                       0x08001d69   Thumb Code   580  btod.o(CL$$btod_mult_common)
    BusFault_Handler                         0x08001fad   Thumb Code     4  stm32f10x_it.o(i.BusFault_Handler)
    DMA_ClearFlag                            0x08001fb1   Thumb Code    18  stm32f10x_dma.o(i.DMA_ClearFlag)
    DMA_Cmd                                  0x08001fcd   Thumb Code    24  stm32f10x_dma.o(i.DMA_Cmd)
    DMA_DeInit                               0x08001fe5   Thumb Code   324  stm32f10x_dma.o(i.DMA_DeInit)
    DMA_GetCurrDataCounter                   0x08002131   Thumb Code     8  stm32f10x_dma.o(i.DMA_GetCurrDataCounter)
    DMA_Init                                 0x08002139   Thumb Code    60  stm32f10x_dma.o(i.DMA_Init)
    DMA_SetCurrDataCounter                   0x08002175   Thumb Code     4  stm32f10x_dma.o(i.DMA_SetCurrDataCounter)
    DebugMon_Handler                         0x08002179   Thumb Code     2  stm32f10x_it.o(i.DebugMon_Handler)
    GMT_ToBeijingTime                        0x0800217d   Thumb Code    84  net_time.o(i.GMT_ToBeijingTime)
    GPIO_Init                                0x080021d9   Thumb Code   278  stm32f10x_gpio.o(i.GPIO_Init)
    GPIO_PinRemapConfig                      0x080022f1   Thumb Code   138  stm32f10x_gpio.o(i.GPIO_PinRemapConfig)
    GPIO_ResetBits                           0x08002381   Thumb Code     4  stm32f10x_gpio.o(i.GPIO_ResetBits)
    GPIO_SetBits                             0x08002385   Thumb Code     4  stm32f10x_gpio.o(i.GPIO_SetBits)
    GPIO_WriteBit                            0x08002389   Thumb Code    10  stm32f10x_gpio.o(i.GPIO_WriteBit)
    Get_dateLine                             0x08002393   Thumb Code    34  seniverse_http.o(i.Get_dateLine)
    HardFault_Handler                        0x080023b5   Thumb Code     4  stm32f10x_it.o(i.HardFault_Handler)
    JsonGetAllDateWeather                    0x080023b9   Thumb Code    66  seniverse_http.o(i.JsonGetAllDateWeather)
    JsonGetDateWeather                       0x08002415   Thumb Code    80  seniverse_http.o(i.JsonGetDateWeather)
    LED_Init                                 0x08002489   Thumb Code   116  led.o(i.LED_Init)
    MemManage_Handler                        0x08002505   Thumb Code     4  stm32f10x_it.o(i.MemManage_Handler)
    NMI_Handler                              0x08002509   Thumb Code     2  stm32f10x_it.o(i.NMI_Handler)
    NVIC_Init                                0x0800250d   Thumb Code   100  misc.o(i.NVIC_Init)
    NVIC_PriorityGroupConfig                 0x0800257d   Thumb Code    10  misc.o(i.NVIC_PriorityGroupConfig)
    OLED_GPIO_Init                           0x08002591   Thumb Code    88  oled.o(i.OLED_GPIO_Init)
    OLED_Init                                0x080025f1   Thumb Code   258  oled.o(i.OLED_Init)
    OLED_WR_Byte                             0x080026fd   Thumb Code    58  oled.o(i.OLED_WR_Byte)
    OneNET_GetSwitch                         0x0800273d   Thumb Code   638  onenet_http.o(i.OneNET_GetSwitch)
    OneNet_GET                               0x08002c41   Thumb Code    64  onenet_http.o(i.OneNet_GET)
    RCC_AHBPeriphClockCmd                    0x08002cf9   Thumb Code    26  stm32f10x_rcc.o(i.RCC_AHBPeriphClockCmd)
    RCC_APB1PeriphClockCmd                   0x08002d19   Thumb Code    26  stm32f10x_rcc.o(i.RCC_APB1PeriphClockCmd)
    RCC_APB1PeriphResetCmd                   0x08002d39   Thumb Code    26  stm32f10x_rcc.o(i.RCC_APB1PeriphResetCmd)
    RCC_APB2PeriphClockCmd                   0x08002d59   Thumb Code    26  stm32f10x_rcc.o(i.RCC_APB2PeriphClockCmd)
    RCC_APB2PeriphResetCmd                   0x08002d79   Thumb Code    26  stm32f10x_rcc.o(i.RCC_APB2PeriphResetCmd)
    RCC_GetClocksFreq                        0x08002d99   Thumb Code   192  stm32f10x_rcc.o(i.RCC_GetClocksFreq)
    SPI1_Init                                0x08002e6d   Thumb Code   134  spi1.o(i.SPI1_Init)
    SPI1_ReadWriteByte                       0x08002efd   Thumb Code    78  spi1.o(i.SPI1_ReadWriteByte)
    SPI1_SetSpeed                            0x08002f51   Thumb Code    36  spi1.o(i.SPI1_SetSpeed)
    SPI_Cmd                                  0x08002f79   Thumb Code    24  stm32f10x_spi.o(i.SPI_Cmd)
    SPI_I2S_GetFlagStatus                    0x08002f91   Thumb Code    18  stm32f10x_spi.o(i.SPI_I2S_GetFlagStatus)
    SPI_I2S_ReceiveData                      0x08002fa3   Thumb Code     6  stm32f10x_spi.o(i.SPI_I2S_ReceiveData)
    SPI_I2S_SendData                         0x08002fa9   Thumb Code     4  stm32f10x_spi.o(i.SPI_I2S_SendData)
    SPI_Init                                 0x08002fad   Thumb Code    60  stm32f10x_spi.o(i.SPI_Init)
    Seniverse_GET                            0x08002fe9   Thumb Code    36  seniverse_http.o(i.Seniverse_GET)
    Seniverse_GetWeather                     0x08003045   Thumb Code   292  seniverse_http.o(i.Seniverse_GetWeather)
    SysTick_CLKSourceConfig                  0x08003311   Thumb Code    40  misc.o(i.SysTick_CLKSourceConfig)
    SysTick_Handler                          0x08003339   Thumb Code    16  delay.o(i.SysTick_Handler)
    SystemInit                               0x08003349   Thumb Code    78  system_stm32f10x.o(i.SystemInit)
    TIM3_IRQHandler                          0x080033a9   Thumb Code   116  timer3.o(i.TIM3_IRQHandler)
    TIM_ClearFlag                            0x08003441   Thumb Code     6  stm32f10x_tim.o(i.TIM_ClearFlag)
    TIM_ClearITPendingBit                    0x08003447   Thumb Code     6  stm32f10x_tim.o(i.TIM_ClearITPendingBit)
    TIM_Cmd                                  0x0800344d   Thumb Code    24  stm32f10x_tim.o(i.TIM_Cmd)
    TIM_DeInit                               0x08003465   Thumb Code   424  stm32f10x_tim.o(i.TIM_DeInit)
    TIM_GetITStatus                          0x0800364d   Thumb Code    34  stm32f10x_tim.o(i.TIM_GetITStatus)
    TIM_ITConfig                             0x0800366f   Thumb Code    18  stm32f10x_tim.o(i.TIM_ITConfig)
    TIM_SetCounter                           0x08003681   Thumb Code     4  stm32f10x_tim.o(i.TIM_SetCounter)
    TIM_TimeBaseInit                         0x08003685   Thumb Code   122  stm32f10x_tim.o(i.TIM_TimeBaseInit)
    TimePlusOneSecond                        0x08003729   Thumb Code    50  net_time.o(i.TimePlusOneSecond)
    Timer3_Configuration                     0x0800375d   Thumb Code   118  timer3.o(i.Timer3_Configuration)
    USART1_IRQHandler                        0x080037d9   Thumb Code    88  uart1.o(i.USART1_IRQHandler)
    USART2_IRQHandler                        0x0800383d   Thumb Code   112  uart2.o(i.USART2_IRQHandler)
    USART3_IRQHandler                        0x080038c1   Thumb Code    88  uart3.o(i.USART3_IRQHandler)
    USART_ClearITPendingBit                  0x08003925   Thumb Code    30  stm32f10x_usart.o(i.USART_ClearITPendingBit)
    USART_Cmd                                0x08003943   Thumb Code    24  stm32f10x_usart.o(i.USART_Cmd)
    USART_DMACmd                             0x0800395b   Thumb Code    18  stm32f10x_usart.o(i.USART_DMACmd)
    USART_GetITStatus                        0x0800396d   Thumb Code    84  stm32f10x_usart.o(i.USART_GetITStatus)
    USART_ITConfig                           0x080039c1   Thumb Code    74  stm32f10x_usart.o(i.USART_ITConfig)
    USART_Init                               0x08003a0d   Thumb Code   210  stm32f10x_usart.o(i.USART_Init)
    UsageFault_Handler                       0x08003ae5   Thumb Code     4  stm32f10x_it.o(i.UsageFault_Handler)
    WeatherToImg                             0x08003ae9   Thumb Code   224  oled_ui.o(i.WeatherToImg)
    WiFi_Close                               0x08003c21   Thumb Code    98  wifi.o(i.WiFi_Close)
    WiFi_Connect_Seniverse_Server            0x08003cb1   Thumb Code   188  seniverse_http.o(i.WiFi_Connect_Seniverse_Server)
    WiFi_Connect_Server                      0x08003df9   Thumb Code   192  wifi.o(i.WiFi_Connect_Server)
    WiFi_GetIP                               0x08003f3d   Thumb Code   138  wifi.o(i.WiFi_GetIP)
    WiFi_Init                                0x08004001   Thumb Code   400  wifi.o(i.WiFi_Init)
    WiFi_JoinAP                              0x0800450d   Thumb Code    88  wifi.o(i.WiFi_JoinAP)
    WiFi_Reset                               0x080045b1   Thumb Code   118  wifi.o(i.WiFi_Reset)
    WiFi_ResetIO_Init                        0x08004655   Thumb Code    48  wifi.o(i.WiFi_ResetIO_Init)
    WiFi_SendCmd                             0x08004689   Thumb Code    86  wifi.o(i.WiFi_SendCmd)
    WiFi_Smartconfig                         0x080046fd   Thumb Code    78  wifi.o(i.WiFi_Smartconfig)
    WiFi_WaitAP                              0x08004769   Thumb Code    62  wifi.o(i.WiFi_WaitAP)
    __ARM_fpclassify                         0x080047c1   Thumb Code    40  fpclassify.o(i.__ARM_fpclassify)
    _is_digit                                0x080047e9   Thumb Code    14  __printf_wp.o(i._is_digit)
    _sys_exit                                0x080047f7   Thumb Code     4  usart.o(i._sys_exit)
    blend_Gram_H                             0x080047fb   Thumb Code   296  oled.o(i.blend_Gram_H)
    blend_Gram_V                             0x08004923   Thumb Code   256  oled.o(i.blend_Gram_V)
    clockIFS_task                            0x08004a25   Thumb Code    24  main.o(i.clockIFS_task)
    delay_init                               0x08004a45   Thumb Code    74  delay.o(i.delay_init)
    delay_ms                                 0x08004aa1   Thumb Code    60  delay.o(i.delay_ms)
    delay_us                                 0x08004ae1   Thumb Code    68  delay.o(i.delay_us)
    delay_xms                                0x08004b29   Thumb Code    24  delay.o(i.delay_xms)
    fputc                                    0x08004b41   Thumb Code    24  usart.o(i.fputc)
    load_Img                                 0x08004b5d   Thumb Code    88  oled.o(i.load_Img)
    ma_OLED_Gram_Clear                       0x08004bb5   Thumb Code    38  oled.o(i.ma_OLED_Gram_Clear)
    ma_OLED_Refresh_Gram                     0x08004bdd   Thumb Code   100  oled.o(i.ma_OLED_Refresh_Gram)
    main                                     0x08004c45   Thumb Code    96  main.o(i.main)
    netClockCountCallback                    0x08004cb9   Thumb Code    22  main.o(i.netClockCountCallback)
    pvPortMalloc                             0x08005841   Thumb Code   262  heap_4.o(i.pvPortMalloc)
    pvTaskIncrementMutexHeldCount            0x08005999   Thumb Code    26  tasks.o(i.pvTaskIncrementMutexHeldCount)
    pxPortInitialiseStack                    0x080059b9   Thumb Code    30  port.o(i.pxPortInitialiseStack)
    start_task                               0x080059dd   Thumb Code   176  main.o(i.start_task)
    u2_printf                                0x08005af5   Thumb Code    90  uart2.o(i.u2_printf)
    uart1_dma_rx_configuration               0x08005b5d   Thumb Code   120  uart1.o(i.uart1_dma_rx_configuration)
    uart1_init                               0x08005be1   Thumb Code   154  uart1.o(i.uart1_init)
    uart2_init                               0x08005c85   Thumb Code   156  uart2.o(i.uart2_init)
    uart3_dma_rx_configuration               0x08005d29   Thumb Code   120  uart3.o(i.uart3_dma_rx_configuration)
    uart3_init                               0x08005dad   Thumb Code   160  uart3.o(i.uart3_init)
    uiRefresh_task                           0x08005e55   Thumb Code   190  main.o(i.uiRefresh_task)
    ui_ClockReload                           0x08005f25   Thumb Code   150  oled_ui.o(i.ui_ClockReload)
    ui_ShowAllWeather                        0x08005fc1   Thumb Code   162  oled_ui.o(i.ui_ShowAllWeather)
    ui_ShowBootImg                           0x08006069   Thumb Code    92  oled_ui.o(i.ui_ShowBootImg)
    ui_ShowLed                               0x080060d1   Thumb Code    52  oled_ui.o(i.ui_ShowLed)
    ui_ShowTime                              0x08006111   Thumb Code   864  oled_ui.o(i.ui_ShowTime)
    ui_WeatherReload                         0x080064ad   Thumb Code   114  oled_ui.o(i.ui_WeatherReload)
    uxListRemove                             0x08006525   Thumb Code    40  list.o(i.uxListRemove)
    vListInitialise                          0x0800654d   Thumb Code    26  list.o(i.vListInitialise)
    vListInitialiseItem                      0x08006567   Thumb Code     6  list.o(i.vListInitialiseItem)
    vListInsert                              0x0800656d   Thumb Code    52  list.o(i.vListInsert)
    vListInsertEnd                           0x080065a1   Thumb Code    24  list.o(i.vListInsertEnd)
    vPortEnterCritical                       0x080065b9   Thumb Code    68  port.o(i.vPortEnterCritical)
    vPortExitCritical                        0x08006641   Thumb Code    48  port.o(i.vPortExitCritical)
    vPortFree                                0x080066b1   Thumb Code   120  heap_4.o(i.vPortFree)
    vPortSetupTimerInterrupt                 0x0800676d   Thumb Code    26  port.o(i.vPortSetupTimerInterrupt)
    vPortValidateInterruptPriority           0x0800678d   Thumb Code    86  port.o(i.vPortValidateInterruptPriority)
    vQueueAddToRegistry                      0x0800682d   Thumb Code    38  queue.o(i.vQueueAddToRegistry)
    vQueueWaitForMessageRestricted           0x08006859   Thumb Code    74  queue.o(i.vQueueWaitForMessageRestricted)
    vTaskDelay                               0x080068a5   Thumb Code    72  tasks.o(i.vTaskDelay)
    vTaskDelete                              0x0800691d   Thumb Code   192  tasks.o(i.vTaskDelete)
    vTaskMissedYield                         0x08006a2d   Thumb Code     8  tasks.o(i.vTaskMissedYield)
    vTaskPlaceOnEventList                    0x08006a39   Thumb Code    42  tasks.o(i.vTaskPlaceOnEventList)
    vTaskPlaceOnEventListRestricted          0x08006a91   Thumb Code    50  tasks.o(i.vTaskPlaceOnEventListRestricted)
    vTaskPriorityInherit                     0x08006af1   Thumb Code   164  tasks.o(i.vTaskPriorityInherit)
    vTaskSetTimeOutState                     0x08006ba1   Thumb Code    32  tasks.o(i.vTaskSetTimeOutState)
    vTaskStartScheduler                      0x08006bf1   Thumb Code   108  tasks.o(i.vTaskStartScheduler)
    vTaskSuspendAll                          0x08006ca1   Thumb Code    12  tasks.o(i.vTaskSuspendAll)
    vTaskSwitchContext                       0x08006cb1   Thumb Code   110  tasks.o(i.vTaskSwitchContext)
    wifi_task                                0x08006d5d   Thumb Code    68  main.o(i.wifi_task)
    xPortStartScheduler                      0x08006dbd   Thumb Code   140  port.o(i.xPortStartScheduler)
    xPortSysTickHandler                      0x08006e5d   Thumb Code    46  port.o(i.xPortSysTickHandler)
    xQueueGenericCreate                      0x08006e91   Thumb Code    78  queue.o(i.xQueueGenericCreate)
    xQueueGenericReceive                     0x08006f09   Thumb Code   416  queue.o(i.xQueueGenericReceive)
    xQueueGenericReset                       0x080070d5   Thumb Code   136  queue.o(i.xQueueGenericReset)
    xQueueGenericSend                        0x08007189   Thumb Code   412  queue.o(i.xQueueGenericSend)
    xQueueGenericSendFromISR                 0x08007351   Thumb Code   234  queue.o(i.xQueueGenericSendFromISR)
    xTaskCheckForTimeOut                     0x08007465   Thumb Code   116  tasks.o(i.xTaskCheckForTimeOut)
    xTaskCreate                              0x08007509   Thumb Code    96  tasks.o(i.xTaskCreate)
    xTaskGetSchedulerState                   0x08007569   Thumb Code    24  tasks.o(i.xTaskGetSchedulerState)
    xTaskGetTickCount                        0x08007589   Thumb Code     6  tasks.o(i.xTaskGetTickCount)
    xTaskIncrementTick                       0x08007595   Thumb Code   272  tasks.o(i.xTaskIncrementTick)
    xTaskPriorityDisinherit                  0x080076f9   Thumb Code   168  tasks.o(i.xTaskPriorityDisinherit)
    xTaskRemoveFromEventList                 0x080077d5   Thumb Code   118  tasks.o(i.xTaskRemoveFromEventList)
    xTaskResumeAll                           0x0800788d   Thumb Code   214  tasks.o(i.xTaskResumeAll)
    xTimerCreate                             0x080079b1   Thumb Code    48  timers.o(i.xTimerCreate)
    xTimerCreateTimerTask                    0x080079e1   Thumb Code    56  timers.o(i.xTimerCreateTimerTask)
    xTimerGenericCommand                     0x08007a55   Thumb Code   118  timers.o(i.xTimerGenericCommand)
    _get_lc_ctype                            0x08007af9   Thumb Code    44  lc_ctype_c.o(locale$$code)
    _get_lc_numeric                          0x08007b25   Thumb Code    44  lc_numeric_c.o(locale$$code)
    _printf_fp_dec                           0x08007b51   Thumb Code     4  printf1.o(x$fpl$printf1)
    _printf_fp_hex                           0x08007b55   Thumb Code     4  printf2.o(x$fpl$printf2)
    __I$use$fp                               0x08007b58   Number         0  usenofp.o(x$fpl$usenofp)
    oled_asc2_3216                           0x08007b58   Data         768  oled_ui.o(.constdata)
    gImage_BootOnenet                        0x08007e58   Data         824  oled_ui.o(.constdata)
    gImage_LedOff                            0x08008190   Data         128  oled_ui.o(.constdata)
    gImage_LedOn                             0x08008210   Data         128  oled_ui.o(.constdata)
    gImage_0_Sunny                           0x08008290   Data         128  oled_ui.o(.constdata)
    gImage_1_nClear                          0x08008310   Data         128  oled_ui.o(.constdata)
    gImage_5_PartlyCloudy                    0x08008390   Data         128  oled_ui.o(.constdata)
    gImage_6_nPartlyCloudy                   0x08008410   Data         128  oled_ui.o(.constdata)
    gImage_7_MostlyCloudy                    0x08008490   Data         128  oled_ui.o(.constdata)
    gImage_9_Overcast                        0x08008510   Data         128  oled_ui.o(.constdata)
    gImage_10_Shower                         0x08008590   Data         128  oled_ui.o(.constdata)
    gImage_11_Thundershower                  0x08008610   Data         128  oled_ui.o(.constdata)
    gImage_13_LightRain                      0x08008690   Data         128  oled_ui.o(.constdata)
    gImage_14_ModerateRain                   0x08008710   Data         128  oled_ui.o(.constdata)
    gImage_15_HeavyRain                      0x08008790   Data         128  oled_ui.o(.constdata)
    gImage_16_Storm                          0x08008810   Data         128  oled_ui.o(.constdata)
    gImage_19_IceRain                        0x08008890   Data         128  oled_ui.o(.constdata)
    gImage_20_Sleet                          0x08008910   Data         128  oled_ui.o(.constdata)
    gImage_22_LightSnow                      0x08008990   Data         128  oled_ui.o(.constdata)
    gImage_23_ModerateSnow                   0x08008a10   Data         128  oled_ui.o(.constdata)
    gImage_24_HeavySnow                      0x08008a90   Data         128  oled_ui.o(.constdata)
    gImage_25_Snowstorm                      0x08008b10   Data         128  oled_ui.o(.constdata)
    gImage_28_Duststorm                      0x08008b90   Data         128  oled_ui.o(.constdata)
    gImage_30_Foggy                          0x08008c10   Data         128  oled_ui.o(.constdata)
    gImage_32_Windy                          0x08008c90   Data         128  oled_ui.o(.constdata)
    gImage_99_NA                             0x08008d10   Data         128  oled_ui.o(.constdata)
    Region$$Table$$Base                      0x08008f14   Number         0  anon$$obj.o(Region$$Table)
    Region$$Table$$Limit                     0x08008f34   Number         0  anon$$obj.o(Region$$Table)
    __ctype                                  0x08008f41   Data           0  lc_ctype_c.o(locale$$data)
    SystemCoreClock                          0x20000000   Data           4  system_stm32f10x.o(.data)
    AHBPrescTable                            0x20000004   Data          16  system_stm32f10x.o(.data)
    Uart1_Message_Queue                      0x20000028   Data           4  main.o(.data)
    Wifi_Message_Queue                       0x2000002c   Data           4  main.o(.data)
    Uart3_Message_Queue                      0x20000030   Data           4  main.o(.data)
    StartTask_Handler                        0x20000034   Data           4  main.o(.data)
    WIFITask_Handler                         0x20000038   Data           4  main.o(.data)
    UITask_Handler                           0x2000003c   Data           4  main.o(.data)
    CLOCKIFSTask_Handler                     0x20000040   Data           4  main.o(.data)
    netClockCountTimer_Handle                0x20000044   Data           4  main.o(.data)
    xtep                                     0x20000048   Data           2  main.o(.data)
    __stdout                                 0x20000050   Data           4  usart.o(.data)
    WifiMsg                                  0x20000054   Data           8  structure.o(.data)
    Uart1_RxLength                           0x2000005c   Data           2  uart1.o(.data)
    Usart2_RxCounter                         0x20000060   Data           2  uart2.o(.data)
    length                                   0x20000064   Data           4  uart2.o(.data)
    Uart3_RxLength                           0x20000068   Data           2  uart3.o(.data)
    wifi_mode                                0x2000006a   Data           1  wifi.o(.data)
    Connect_flag                             0x2000006b   Data           1  wifi.o(.data)
    KEY2_IN_STA                              0x2000006c   Data           1  wifi.o(.data)
    pxCurrentTCB                             0x20000070   Data           4  tasks.o(.data)
    ServerIP                                 0x200000e4   Data           4  onenet_http.o(.data)
    ServerPort                               0x200000e8   Data           4  onenet_http.o(.data)
    Device                                   0x200000fc   Data          38  structure.o(.bss)
    Uart1_RxBuff                             0x20000122   Data          20  uart1.o(.bss)
    Uart1_TxBuff                             0x20000136   Data          20  uart1.o(.bss)
    Usart2_RxBuff                            0x2000014a   Data        2000  uart2.o(.bss)
    Usart2_TxBuff                            0x2000091a   Data         200  uart2.o(.bss)
    Uart3_RxBuff                             0x200009e2   Data          30  uart3.o(.bss)
    Uart3_TxBuff                             0x20000a00   Data          30  uart3.o(.bss)
    OLED_GRAM                                0x20000a1e   Data        1024  oled.o(.bss)
    switchIFS                                0x20000e1e   Data        1024  oled.o(.bss)
    weatherIFS                               0x2000121e   Data        1024  oled.o(.bss)
    blendIFS                                 0x2000161e   Data        1024  oled.o(.bss)
    xQueueRegistry                           0x20001a20   Data          64  queue.o(.bss)
    RXbuff                                   0x2000356c   Data        2048  onenet_http.o(.bss)
    TXbuff                                   0x20003d6c   Data        2048  onenet_http.o(.bss)
    G_blend                                  0x2000456c   Data         128  oled_ui.o(.bss)
    __libspace_start                         0x200045ec   Data          96  libspace.o(.bss)
    __temporary_stack_top$libspace           0x2000464c   Data           0  libspace.o(.bss)



==============================================================================

Memory Map of the image

  Image Entry point : 0x080000ed

  Load Region LR_IROM1 (Base: 0x08000000, Size: 0x0000915c, Max: 0x00010000, ABSOLUTE)

    Execution Region ER_IROM1 (Exec base: 0x08000000, Load base: 0x08000000, Size: 0x00009060, Max: 0x00010000, ABSOLUTE)

    Exec Addr    Load Addr    Size         Type   Attr      Idx    E Section Name        Object

    0x08000000   0x08000000   0x000000ec   Data   RO            3    RESET               startup_stm32f10x_md.o
    0x080000ec   0x080000ec   0x00000008   Code   RO         5170  * !!!main             c_w.l(__main.o)
    0x080000f4   0x080000f4   0x00000034   Code   RO         5483    !!!scatter          c_w.l(__scatter.o)
    0x08000128   0x08000128   0x0000001a   Code   RO         5485    !!handler_copy      c_w.l(__scatter_copy.o)
    0x08000142   0x08000142   0x00000002   PAD
    0x08000144   0x08000144   0x0000001c   Code   RO         5487    !!handler_zi        c_w.l(__scatter_zi.o)
    0x08000160   0x08000160   0x00000000   Code   RO         5145    .ARM.Collect$$_printf_percent$$00000000  c_w.l(_printf_percent.o)
    0x08000160   0x08000160   0x00000006   Code   RO         5226    .ARM.Collect$$_printf_percent$$00000001  c_w.l(_printf_n.o)
    0x08000166   0x08000166   0x00000006   Code   RO         5228    .ARM.Collect$$_printf_percent$$00000002  c_w.l(_printf_p.o)
    0x0800016c   0x0800016c   0x00000006   Code   RO         5231    .ARM.Collect$$_printf_percent$$00000003  c_w.l(_printf_f.o)
    0x08000172   0x08000172   0x00000006   Code   RO         5232    .ARM.Collect$$_printf_percent$$00000004  c_w.l(_printf_e.o)
    0x08000178   0x08000178   0x00000006   Code   RO         5233    .ARM.Collect$$_printf_percent$$00000005  c_w.l(_printf_g.o)
    0x0800017e   0x0800017e   0x00000006   Code   RO         5234    .ARM.Collect$$_printf_percent$$00000006  c_w.l(_printf_a.o)
    0x08000184   0x08000184   0x0000000a   Code   RO         5239    .ARM.Collect$$_printf_percent$$00000007  c_w.l(_printf_ll.o)
    0x0800018e   0x0800018e   0x00000006   Code   RO         5230    .ARM.Collect$$_printf_percent$$00000008  c_w.l(_printf_i.o)
    0x08000194   0x08000194   0x00000006   Code   RO         5143    .ARM.Collect$$_printf_percent$$00000009  c_w.l(_printf_d.o)
    0x0800019a   0x0800019a   0x00000006   Code   RO         5144    .ARM.Collect$$_printf_percent$$0000000A  c_w.l(_printf_u.o)
    0x080001a0   0x080001a0   0x00000006   Code   RO         5229    .ARM.Collect$$_printf_percent$$0000000B  c_w.l(_printf_o.o)
    0x080001a6   0x080001a6   0x00000006   Code   RO         5227    .ARM.Collect$$_printf_percent$$0000000C  c_w.l(_printf_x.o)
    0x080001ac   0x080001ac   0x00000006   Code   RO         5236    .ARM.Collect$$_printf_percent$$0000000D  c_w.l(_printf_lli.o)
    0x080001b2   0x080001b2   0x00000006   Code   RO         5237    .ARM.Collect$$_printf_percent$$0000000E  c_w.l(_printf_lld.o)
    0x080001b8   0x080001b8   0x00000006   Code   RO         5238    .ARM.Collect$$_printf_percent$$0000000F  c_w.l(_printf_llu.o)
    0x080001be   0x080001be   0x00000006   Code   RO         5243    .ARM.Collect$$_printf_percent$$00000010  c_w.l(_printf_llo.o)
    0x080001c4   0x080001c4   0x00000006   Code   RO         5244    .ARM.Collect$$_printf_percent$$00000011  c_w.l(_printf_llx.o)
    0x080001ca   0x080001ca   0x0000000a   Code   RO         5240    .ARM.Collect$$_printf_percent$$00000012  c_w.l(_printf_l.o)
    0x080001d4   0x080001d4   0x00000006   Code   RO         5141    .ARM.Collect$$_printf_percent$$00000013  c_w.l(_printf_c.o)
    0x080001da   0x080001da   0x00000006   Code   RO         5142    .ARM.Collect$$_printf_percent$$00000014  c_w.l(_printf_s.o)
    0x080001e0   0x080001e0   0x00000006   Code   RO         5241    .ARM.Collect$$_printf_percent$$00000015  c_w.l(_printf_lc.o)
    0x080001e6   0x080001e6   0x00000006   Code   RO         5242    .ARM.Collect$$_printf_percent$$00000016  c_w.l(_printf_ls.o)
    0x080001ec   0x080001ec   0x00000004   Code   RO         5235    .ARM.Collect$$_printf_percent$$00000017  c_w.l(_printf_percent_end.o)
    0x080001f0   0x080001f0   0x00000002   Code   RO         5353    .ARM.Collect$$libinit$$00000000  c_w.l(libinit.o)
    0x080001f2   0x080001f2   0x00000000   Code   RO         5364    .ARM.Collect$$libinit$$00000002  c_w.l(libinit2.o)
    0x080001f2   0x080001f2   0x00000000   Code   RO         5366    .ARM.Collect$$libinit$$00000004  c_w.l(libinit2.o)
    0x080001f2   0x080001f2   0x00000000   Code   RO         5369    .ARM.Collect$$libinit$$0000000A  c_w.l(libinit2.o)
    0x080001f2   0x080001f2   0x00000000   Code   RO         5371    .ARM.Collect$$libinit$$0000000C  c_w.l(libinit2.o)
    0x080001f2   0x080001f2   0x00000000   Code   RO         5373    .ARM.Collect$$libinit$$0000000E  c_w.l(libinit2.o)
    0x080001f2   0x080001f2   0x00000006   Code   RO         5374    .ARM.Collect$$libinit$$0000000F  c_w.l(libinit2.o)
    0x080001f8   0x080001f8   0x00000000   Code   RO         5376    .ARM.Collect$$libinit$$00000011  c_w.l(libinit2.o)
    0x080001f8   0x080001f8   0x0000000c   Code   RO         5377    .ARM.Collect$$libinit$$00000012  c_w.l(libinit2.o)
    0x08000204   0x08000204   0x00000000   Code   RO         5378    .ARM.Collect$$libinit$$00000013  c_w.l(libinit2.o)
    0x08000204   0x08000204   0x00000000   Code   RO         5380    .ARM.Collect$$libinit$$00000015  c_w.l(libinit2.o)
    0x08000204   0x08000204   0x0000000a   Code   RO         5381    .ARM.Collect$$libinit$$00000016  c_w.l(libinit2.o)
    0x0800020e   0x0800020e   0x00000000   Code   RO         5382    .ARM.Collect$$libinit$$00000017  c_w.l(libinit2.o)
    0x0800020e   0x0800020e   0x00000000   Code   RO         5384    .ARM.Collect$$libinit$$00000019  c_w.l(libinit2.o)
    0x0800020e   0x0800020e   0x00000000   Code   RO         5386    .ARM.Collect$$libinit$$0000001B  c_w.l(libinit2.o)
    0x0800020e   0x0800020e   0x00000000   Code   RO         5388    .ARM.Collect$$libinit$$0000001D  c_w.l(libinit2.o)
    0x0800020e   0x0800020e   0x00000000   Code   RO         5390    .ARM.Collect$$libinit$$0000001F  c_w.l(libinit2.o)
    0x0800020e   0x0800020e   0x00000000   Code   RO         5392    .ARM.Collect$$libinit$$00000021  c_w.l(libinit2.o)
    0x0800020e   0x0800020e   0x00000000   Code   RO         5394    .ARM.Collect$$libinit$$00000023  c_w.l(libinit2.o)
    0x0800020e   0x0800020e   0x00000000   Code   RO         5396    .ARM.Collect$$libinit$$00000025  c_w.l(libinit2.o)
    0x0800020e   0x0800020e   0x00000000   Code   RO         5400    .ARM.Collect$$libinit$$0000002C  c_w.l(libinit2.o)
    0x0800020e   0x0800020e   0x00000000   Code   RO         5402    .ARM.Collect$$libinit$$0000002E  c_w.l(libinit2.o)
    0x0800020e   0x0800020e   0x00000000   Code   RO         5404    .ARM.Collect$$libinit$$00000030  c_w.l(libinit2.o)
    0x0800020e   0x0800020e   0x00000000   Code   RO         5406    .ARM.Collect$$libinit$$00000032  c_w.l(libinit2.o)
    0x0800020e   0x0800020e   0x00000002   Code   RO         5407    .ARM.Collect$$libinit$$00000033  c_w.l(libinit2.o)
    0x08000210   0x08000210   0x00000002   Code   RO         5425    .ARM.Collect$$libshutdown$$00000000  c_w.l(libshutdown.o)
    0x08000212   0x08000212   0x00000000   Code   RO         5435    .ARM.Collect$$libshutdown$$00000002  c_w.l(libshutdown2.o)
    0x08000212   0x08000212   0x00000000   Code   RO         5437    .ARM.Collect$$libshutdown$$00000004  c_w.l(libshutdown2.o)
    0x08000212   0x08000212   0x00000000   Code   RO         5440    .ARM.Collect$$libshutdown$$00000007  c_w.l(libshutdown2.o)
    0x08000212   0x08000212   0x00000000   Code   RO         5443    .ARM.Collect$$libshutdown$$0000000A  c_w.l(libshutdown2.o)
    0x08000212   0x08000212   0x00000000   Code   RO         5445    .ARM.Collect$$libshutdown$$0000000C  c_w.l(libshutdown2.o)
    0x08000212   0x08000212   0x00000000   Code   RO         5448    .ARM.Collect$$libshutdown$$0000000F  c_w.l(libshutdown2.o)
    0x08000212   0x08000212   0x00000002   Code   RO         5449    .ARM.Collect$$libshutdown$$00000010  c_w.l(libshutdown2.o)
    0x08000214   0x08000214   0x00000000   Code   RO         5174    .ARM.Collect$$rtentry$$00000000  c_w.l(__rtentry.o)
    0x08000214   0x08000214   0x00000000   Code   RO         5265    .ARM.Collect$$rtentry$$00000002  c_w.l(__rtentry2.o)
    0x08000214   0x08000214   0x00000006   Code   RO         5277    .ARM.Collect$$rtentry$$00000004  c_w.l(__rtentry4.o)
    0x0800021a   0x0800021a   0x00000000   Code   RO         5267    .ARM.Collect$$rtentry$$00000009  c_w.l(__rtentry2.o)
    0x0800021a   0x0800021a   0x00000004   Code   RO         5268    .ARM.Collect$$rtentry$$0000000A  c_w.l(__rtentry2.o)
    0x0800021e   0x0800021e   0x00000000   Code   RO         5270    .ARM.Collect$$rtentry$$0000000C  c_w.l(__rtentry2.o)
    0x0800021e   0x0800021e   0x00000008   Code   RO         5271    .ARM.Collect$$rtentry$$0000000D  c_w.l(__rtentry2.o)
    0x08000226   0x08000226   0x00000002   Code   RO         5359    .ARM.Collect$$rtexit$$00000000  c_w.l(rtexit.o)
    0x08000228   0x08000228   0x00000000   Code   RO         5409    .ARM.Collect$$rtexit$$00000002  c_w.l(rtexit2.o)
    0x08000228   0x08000228   0x00000004   Code   RO         5410    .ARM.Collect$$rtexit$$00000003  c_w.l(rtexit2.o)
    0x0800022c   0x0800022c   0x00000006   Code   RO         5411    .ARM.Collect$$rtexit$$00000004  c_w.l(rtexit2.o)
    0x08000232   0x08000232   0x00000002   PAD
    0x08000234   0x08000234   0x00000096   Code   RO         4827    .emb_text           port.o
    0x080002ca   0x080002ca   0x00000002   PAD
    0x080002cc   0x080002cc   0x00000040   Code   RO            4    .text               startup_stm32f10x_md.o
    0x0800030c   0x0800030c   0x00000002   Code   RO         5095    .text               c_w.l(use_no_semi_2.o)
    0x0800030e   0x0800030e   0x00000026   Code   RO         5097    .text               c_w.l(llshl.o)
    0x08000334   0x08000334   0x00000026   Code   RO         5099    .text               c_w.l(llushr.o)
    0x0800035a   0x0800035a   0x00000002   PAD
    0x0800035c   0x0800035c   0x00000018   Code   RO         5101    .text               c_w.l(printf.o)
    0x08000374   0x08000374   0x00000024   Code   RO         5103    .text               c_w.l(vsprintf.o)
    0x08000398   0x08000398   0x00000018   Code   RO         5105    .text               c_w.l(__2printf.o)
    0x080003b0   0x080003b0   0x0000002c   Code   RO         5107    .text               c_w.l(__2sprintf.o)
    0x080003dc   0x080003dc   0x0000004e   Code   RO         5115    .text               c_w.l(_printf_pad.o)
    0x0800042a   0x0800042a   0x00000052   Code   RO         5117    .text               c_w.l(_printf_str.o)
    0x0800047c   0x0800047c   0x00000078   Code   RO         5119    .text               c_w.l(_printf_dec.o)
    0x080004f4   0x080004f4   0x00000188   Code   RO         5138    .text               c_w.l(__printf_flags_ss_wp.o)
    0x0800067c   0x0800067c   0x0000001a   Code   RO         5150    .text               c_w.l(atoi.o)
    0x08000696   0x08000696   0x00000024   Code   RO         5152    .text               c_w.l(strstr.o)
    0x080006ba   0x080006ba   0x0000003e   Code   RO         5156    .text               c_w.l(strlen.o)
    0x080006f8   0x080006f8   0x00000018   Code   RO         5158    .text               c_w.l(strcat.o)
    0x08000710   0x08000710   0x0000008a   Code   RO         5160    .text               c_w.l(rt_memcpy_v6.o)
    0x0800079a   0x0800079a   0x00000010   Code   RO         5162    .text               c_w.l(aeabi_memset.o)
    0x080007aa   0x080007aa   0x00000044   Code   RO         5164    .text               c_w.l(rt_memclr.o)
    0x080007ee   0x080007ee   0x0000004e   Code   RO         5166    .text               c_w.l(rt_memclr_w.o)
    0x0800083c   0x0800083c   0x00000006   Code   RO         5168    .text               c_w.l(heapauxi.o)
    0x08000842   0x08000842   0x00000002   Code   RO         5172    .text               c_w.l(use_no_semi.o)
    0x08000844   0x08000844   0x00000008   Code   RO         5178    .text               c_w.l(rt_errno_addr_intlibspace.o)
    0x0800084c   0x0800084c   0x00000024   Code   RO         5180    .text               c_w.l(_printf_truncate.o)
    0x08000870   0x08000870   0x000000b2   Code   RO         5182    .text               c_w.l(_printf_intcommon.o)
    0x08000922   0x08000922   0x00000028   Code   RO         5184    .text               c_w.l(_printf_charcount.o)
    0x0800094a   0x0800094a   0x00000002   PAD
    0x0800094c   0x0800094c   0x00000030   Code   RO         5186    .text               c_w.l(_printf_char_common.o)
    0x0800097c   0x0800097c   0x0000000a   Code   RO         5188    .text               c_w.l(_sputc.o)
    0x08000986   0x08000986   0x0000002c   Code   RO         5190    .text               c_w.l(_printf_char.o)
    0x080009b2   0x080009b2   0x00000002   PAD
    0x080009b4   0x080009b4   0x00000024   Code   RO         5192    .text               c_w.l(_printf_char_file.o)
    0x080009d8   0x080009d8   0x000000bc   Code   RO         5194    .text               c_w.l(_printf_wctomb.o)
    0x08000a94   0x08000a94   0x0000007c   Code   RO         5197    .text               c_w.l(_printf_longlong_dec.o)
    0x08000b10   0x08000b10   0x00000070   Code   RO         5203    .text               c_w.l(_printf_oct_int_ll.o)
    0x08000b80   0x08000b80   0x00000094   Code   RO         5223    .text               c_w.l(_printf_hex_int_ll_ptr.o)
    0x08000c14   0x08000c14   0x00000070   Code   RO         5249    .text               c_w.l(strtol.o)
    0x08000c84   0x08000c84   0x00000064   Code   RO         5251    .text               c_w.l(rt_memcpy_w.o)
    0x08000ce8   0x08000ce8   0x00000008   Code   RO         5261    .text               c_w.l(libspace.o)
    0x08000cf0   0x08000cf0   0x00000010   Code   RO         5279    .text               c_w.l(rt_ctype_table.o)
    0x08000d00   0x08000d00   0x0000008a   Code   RO         5281    .text               c_w.l(lludiv10.o)
    0x08000d8a   0x08000d8a   0x0000041e   Code   RO         5285    .text               c_w.l(_printf_fp_dec.o)
    0x080011a8   0x080011a8   0x000002fc   Code   RO         5287    .text               c_w.l(_printf_fp_hex.o)
    0x080014a4   0x080014a4   0x0000002c   Code   RO         5292    .text               c_w.l(_printf_wchar.o)
    0x080014d0   0x080014d0   0x0000009e   Code   RO         5296    .text               c_w.l(_strtoul.o)
    0x0800156e   0x0800156e   0x00000008   Code   RO         5298    .text               c_w.l(ferror.o)
    0x08001576   0x08001576   0x00000040   Code   RO         5302    .text               c_w.l(_wcrtomb.o)
    0x080015b6   0x080015b6   0x0000004a   Code   RO         5304    .text               c_w.l(sys_stackheap_outer.o)
    0x08001600   0x08001600   0x00000008   Code   RO         5309    .text               c_w.l(rt_locale_intlibspace.o)
    0x08001608   0x08001608   0x00000080   Code   RO         5311    .text               c_w.l(_printf_fp_infnan.o)
    0x08001688   0x08001688   0x0000001c   Code   RO         5313    .text               c_w.l(_chval.o)
    0x080016a4   0x080016a4   0x000000e4   Code   RO         5315    .text               c_w.l(bigflt0.o)
    0x08001788   0x08001788   0x00000012   Code   RO         5346    .text               c_w.l(exit.o)
    0x0800179a   0x0800179a   0x00000002   PAD
    0x0800179c   0x0800179c   0x00000080   Code   RO         5361    .text               c_w.l(strcmpv7m.o)
    0x0800181c   0x0800181c   0x0000003e   Code   RO         5318    CL$$btod_d2e        c_w.l(btod.o)
    0x0800185a   0x0800185a   0x00000046   Code   RO         5320    CL$$btod_d2e_denorm_low  c_w.l(btod.o)
    0x080018a0   0x080018a0   0x00000060   Code   RO         5319    CL$$btod_d2e_norm_op1  c_w.l(btod.o)
    0x08001900   0x08001900   0x00000338   Code   RO         5328    CL$$btod_div_common  c_w.l(btod.o)
    0x08001c38   0x08001c38   0x000000dc   Code   RO         5325    CL$$btod_e2e        c_w.l(btod.o)
    0x08001d14   0x08001d14   0x0000002a   Code   RO         5322    CL$$btod_ediv       c_w.l(btod.o)
    0x08001d3e   0x08001d3e   0x0000002a   Code   RO         5321    CL$$btod_emul       c_w.l(btod.o)
    0x08001d68   0x08001d68   0x00000244   Code   RO         5327    CL$$btod_mult_common  c_w.l(btod.o)
    0x08001fac   0x08001fac   0x00000004   Code   RO         3255    i.BusFault_Handler  stm32f10x_it.o
    0x08001fb0   0x08001fb0   0x0000001c   Code   RO          866    i.DMA_ClearFlag     stm32f10x_dma.o
    0x08001fcc   0x08001fcc   0x00000018   Code   RO          868    i.DMA_Cmd           stm32f10x_dma.o
    0x08001fe4   0x08001fe4   0x0000014c   Code   RO          869    i.DMA_DeInit        stm32f10x_dma.o
    0x08002130   0x08002130   0x00000008   Code   RO          870    i.DMA_GetCurrDataCounter  stm32f10x_dma.o
    0x08002138   0x08002138   0x0000003c   Code   RO          874    i.DMA_Init          stm32f10x_dma.o
    0x08002174   0x08002174   0x00000004   Code   RO          875    i.DMA_SetCurrDataCounter  stm32f10x_dma.o
    0x08002178   0x08002178   0x00000002   Code   RO         3256    i.DebugMon_Handler  stm32f10x_it.o
    0x0800217a   0x0800217a   0x00000002   PAD
    0x0800217c   0x0800217c   0x0000005c   Code   RO         4997    i.GMT_ToBeijingTime  net_time.o
    0x080021d8   0x080021d8   0x00000116   Code   RO         1292    i.GPIO_Init         stm32f10x_gpio.o
    0x080022ee   0x080022ee   0x00000002   PAD
    0x080022f0   0x080022f0   0x00000090   Code   RO         1294    i.GPIO_PinRemapConfig  stm32f10x_gpio.o
    0x08002380   0x08002380   0x00000004   Code   RO         1299    i.GPIO_ResetBits    stm32f10x_gpio.o
    0x08002384   0x08002384   0x00000004   Code   RO         1300    i.GPIO_SetBits      stm32f10x_gpio.o
    0x08002388   0x08002388   0x0000000a   Code   RO         1303    i.GPIO_WriteBit     stm32f10x_gpio.o
    0x08002392   0x08002392   0x00000022   Code   RO         4943    i.Get_dateLine      seniverse_http.o
    0x080023b4   0x080023b4   0x00000004   Code   RO         3257    i.HardFault_Handler  stm32f10x_it.o
    0x080023b8   0x080023b8   0x0000005c   Code   RO         4944    i.JsonGetAllDateWeather  seniverse_http.o
    0x08002414   0x08002414   0x00000074   Code   RO         4945    i.JsonGetDateWeather  seniverse_http.o
    0x08002488   0x08002488   0x0000007c   Code   RO         3417    i.LED_Init          led.o
    0x08002504   0x08002504   0x00000004   Code   RO         3258    i.MemManage_Handler  stm32f10x_it.o
    0x08002508   0x08002508   0x00000002   Code   RO         3259    i.NMI_Handler       stm32f10x_it.o
    0x0800250a   0x0800250a   0x00000002   PAD
    0x0800250c   0x0800250c   0x00000070   Code   RO          137    i.NVIC_Init         misc.o
    0x0800257c   0x0800257c   0x00000014   Code   RO          138    i.NVIC_PriorityGroupConfig  misc.o
    0x08002590   0x08002590   0x00000060   Code   RO         3778    i.OLED_GPIO_Init    oled.o
    0x080025f0   0x080025f0   0x0000010c   Code   RO         3779    i.OLED_Init         oled.o
    0x080026fc   0x080026fc   0x00000040   Code   RO         3780    i.OLED_WR_Byte      oled.o
    0x0800273c   0x0800273c   0x00000504   Code   RO         4908    i.OneNET_GetSwitch  onenet_http.o
    0x08002c40   0x08002c40   0x000000b8   Code   RO         4909    i.OneNet_GET        onenet_http.o
    0x08002cf8   0x08002cf8   0x00000020   Code   RO         1707    i.RCC_AHBPeriphClockCmd  stm32f10x_rcc.o
    0x08002d18   0x08002d18   0x00000020   Code   RO         1708    i.RCC_APB1PeriphClockCmd  stm32f10x_rcc.o
    0x08002d38   0x08002d38   0x00000020   Code   RO         1709    i.RCC_APB1PeriphResetCmd  stm32f10x_rcc.o
    0x08002d58   0x08002d58   0x00000020   Code   RO         1710    i.RCC_APB2PeriphClockCmd  stm32f10x_rcc.o
    0x08002d78   0x08002d78   0x00000020   Code   RO         1711    i.RCC_APB2PeriphResetCmd  stm32f10x_rcc.o
    0x08002d98   0x08002d98   0x000000d4   Code   RO         1718    i.RCC_GetClocksFreq  stm32f10x_rcc.o
    0x08002e6c   0x08002e6c   0x00000090   Code   RO         3752    i.SPI1_Init         spi1.o
    0x08002efc   0x08002efc   0x00000054   Code   RO         3753    i.SPI1_ReadWriteByte  spi1.o
    0x08002f50   0x08002f50   0x00000028   Code   RO         3754    i.SPI1_SetSpeed     spi1.o
    0x08002f78   0x08002f78   0x00000018   Code   RO         2187    i.SPI_Cmd           stm32f10x_spi.o
    0x08002f90   0x08002f90   0x00000012   Code   RO         2195    i.SPI_I2S_GetFlagStatus  stm32f10x_spi.o
    0x08002fa2   0x08002fa2   0x00000006   Code   RO         2198    i.SPI_I2S_ReceiveData  stm32f10x_spi.o
    0x08002fa8   0x08002fa8   0x00000004   Code   RO         2199    i.SPI_I2S_SendData  stm32f10x_spi.o
    0x08002fac   0x08002fac   0x0000003c   Code   RO         2200    i.SPI_Init          stm32f10x_spi.o
    0x08002fe8   0x08002fe8   0x0000005c   Code   RO         4946    i.Seniverse_GET     seniverse_http.o
    0x08003044   0x08003044   0x000001e4   Code   RO         4947    i.Seniverse_GetWeather  seniverse_http.o
    0x08003228   0x08003228   0x00000008   Code   RO           24    i.SetSysClock       system_stm32f10x.o
    0x08003230   0x08003230   0x000000e0   Code   RO           25    i.SetSysClockTo72   system_stm32f10x.o
    0x08003310   0x08003310   0x00000028   Code   RO          141    i.SysTick_CLKSourceConfig  misc.o
    0x08003338   0x08003338   0x00000010   Code   RO         3300    i.SysTick_Handler   delay.o
    0x08003348   0x08003348   0x00000060   Code   RO           27    i.SystemInit        system_stm32f10x.o
    0x080033a8   0x080033a8   0x00000098   Code   RO         3621    i.TIM3_IRQHandler   timer3.o
    0x08003440   0x08003440   0x00000006   Code   RO         2336    i.TIM_ClearFlag     stm32f10x_tim.o
    0x08003446   0x08003446   0x00000006   Code   RO         2337    i.TIM_ClearITPendingBit  stm32f10x_tim.o
    0x0800344c   0x0800344c   0x00000018   Code   RO         2342    i.TIM_Cmd           stm32f10x_tim.o
    0x08003464   0x08003464   0x000001e8   Code   RO         2347    i.TIM_DeInit        stm32f10x_tim.o
    0x0800364c   0x0800364c   0x00000022   Code   RO         2363    i.TIM_GetITStatus   stm32f10x_tim.o
    0x0800366e   0x0800366e   0x00000012   Code   RO         2367    i.TIM_ITConfig      stm32f10x_tim.o
    0x08003680   0x08003680   0x00000004   Code   RO         2407    i.TIM_SetCounter    stm32f10x_tim.o
    0x08003684   0x08003684   0x000000a4   Code   RO         2413    i.TIM_TimeBaseInit  stm32f10x_tim.o
    0x08003728   0x08003728   0x00000032   Code   RO         4998    i.TimePlusOneSecond  net_time.o
    0x0800375a   0x0800375a   0x00000002   PAD
    0x0800375c   0x0800375c   0x0000007c   Code   RO         3623    i.Timer3_Configuration  timer3.o
    0x080037d8   0x080037d8   0x00000064   Code   RO         3429    i.USART1_IRQHandler  uart1.o
    0x0800383c   0x0800383c   0x00000084   Code   RO         3492    i.USART2_IRQHandler  uart2.o
    0x080038c0   0x080038c0   0x00000064   Code   RO         3564    i.USART3_IRQHandler  uart3.o
    0x08003924   0x08003924   0x0000001e   Code   RO         2875    i.USART_ClearITPendingBit  stm32f10x_usart.o
    0x08003942   0x08003942   0x00000018   Code   RO         2878    i.USART_Cmd         stm32f10x_usart.o
    0x0800395a   0x0800395a   0x00000012   Code   RO         2879    i.USART_DMACmd      stm32f10x_usart.o
    0x0800396c   0x0800396c   0x00000054   Code   RO         2882    i.USART_GetITStatus  stm32f10x_usart.o
    0x080039c0   0x080039c0   0x0000004a   Code   RO         2884    i.USART_ITConfig    stm32f10x_usart.o
    0x08003a0a   0x08003a0a   0x00000002   PAD
    0x08003a0c   0x08003a0c   0x000000d8   Code   RO         2885    i.USART_Init        stm32f10x_usart.o
    0x08003ae4   0x08003ae4   0x00000004   Code   RO         3260    i.UsageFault_Handler  stm32f10x_it.o
    0x08003ae8   0x08003ae8   0x00000138   Code   RO         5015    i.WeatherToImg      oled_ui.o
    0x08003c20   0x08003c20   0x00000090   Code   RO         3655    i.WiFi_Close        wifi.o
    0x08003cb0   0x08003cb0   0x00000148   Code   RO         4948    i.WiFi_Connect_Seniverse_Server  seniverse_http.o
    0x08003df8   0x08003df8   0x00000144   Code   RO         3656    i.WiFi_Connect_Server  wifi.o
    0x08003f3c   0x08003f3c   0x000000c4   Code   RO         3657    i.WiFi_GetIP        wifi.o
    0x08004000   0x08004000   0x0000050c   Code   RO         3660    i.WiFi_Init         wifi.o
    0x0800450c   0x0800450c   0x000000a4   Code   RO         3661    i.WiFi_JoinAP       wifi.o
    0x080045b0   0x080045b0   0x000000a4   Code   RO         3662    i.WiFi_Reset        wifi.o
    0x08004654   0x08004654   0x00000034   Code   RO         3663    i.WiFi_ResetIO_Init  wifi.o
    0x08004688   0x08004688   0x00000074   Code   RO         3664    i.WiFi_SendCmd      wifi.o
    0x080046fc   0x080046fc   0x0000006c   Code   RO         3666    i.WiFi_Smartconfig  wifi.o
    0x08004768   0x08004768   0x00000058   Code   RO         3667    i.WiFi_WaitAP       wifi.o
    0x080047c0   0x080047c0   0x00000028   Code   RO         5357    i.__ARM_fpclassify  m_ws.l(fpclassify.o)
    0x080047e8   0x080047e8   0x0000000e   Code   RO         5131    i._is_digit         c_w.l(__printf_wp.o)
    0x080047f6   0x080047f6   0x00000004   Code   RO         3376    i._sys_exit         usart.o
    0x080047fa   0x080047fa   0x00000128   Code   RO         3783    i.blend_Gram_H      oled.o
    0x08004922   0x08004922   0x00000100   Code   RO         3784    i.blend_Gram_V      oled.o
    0x08004a22   0x08004a22   0x00000002   PAD
    0x08004a24   0x08004a24   0x00000020   Code   RO         3108    i.clockIFS_task     main.o
    0x08004a44   0x08004a44   0x0000005c   Code   RO         3301    i.delay_init        delay.o
    0x08004aa0   0x08004aa0   0x00000040   Code   RO         3302    i.delay_ms          delay.o
    0x08004ae0   0x08004ae0   0x00000048   Code   RO         3303    i.delay_us          delay.o
    0x08004b28   0x08004b28   0x00000018   Code   RO         3304    i.delay_xms         delay.o
    0x08004b40   0x08004b40   0x0000001c   Code   RO         3377    i.fputc             usart.o
    0x08004b5c   0x08004b5c   0x00000058   Code   RO         3785    i.load_Img          oled.o
    0x08004bb4   0x08004bb4   0x00000026   Code   RO         3786    i.ma_OLED_Gram_Clear  oled.o
    0x08004bda   0x08004bda   0x00000002   PAD
    0x08004bdc   0x08004bdc   0x00000068   Code   RO         3788    i.ma_OLED_Refresh_Gram  oled.o
    0x08004c44   0x08004c44   0x00000074   Code   RO         3109    i.main              main.o
    0x08004cb8   0x08004cb8   0x00000020   Code   RO         3110    i.netClockCountCallback  main.o
    0x08004cd8   0x08004cd8   0x00000098   Code   RO         4276    i.prvAddCurrentTaskToDelayedList  tasks.o
    0x08004d70   0x08004d70   0x000000b8   Code   RO         4277    i.prvAddNewTaskToReadyList  tasks.o
    0x08004e28   0x08004e28   0x00000064   Code   RO         4640    i.prvCheckForValidListAndQueue  timers.o
    0x08004e8c   0x08004e8c   0x00000064   Code   RO         4278    i.prvCheckTasksWaitingTermination  tasks.o
    0x08004ef0   0x08004ef0   0x0000002a   Code   RO         4039    i.prvCopyDataFromQueue  queue.o
    0x08004f1a   0x08004f1a   0x0000007c   Code   RO         4040    i.prvCopyDataToQueue  queue.o
    0x08004f96   0x08004f96   0x00000012   Code   RO         4279    i.prvDeleteTCB      tasks.o
    0x08004fa8   0x08004fa8   0x00000028   Code   RO         4641    i.prvGetNextExpireTime  timers.o
    0x08004fd0   0x08004fd0   0x0000007c   Code   RO         4774    i.prvHeapInit       heap_4.o
    0x0800504c   0x0800504c   0x00000028   Code   RO         4280    i.prvIdleTask       tasks.o
    0x08005074   0x08005074   0x0000002e   Code   RO         4042    i.prvInitialiseNewQueue  queue.o
    0x080050a2   0x080050a2   0x00000002   PAD
    0x080050a4   0x080050a4   0x000000d4   Code   RO         4281    i.prvInitialiseNewTask  tasks.o
    0x08005178   0x08005178   0x0000006c   Code   RO         4642    i.prvInitialiseNewTimer  timers.o
    0x080051e4   0x080051e4   0x00000068   Code   RO         4282    i.prvInitialiseTaskLists  tasks.o
    0x0800524c   0x0800524c   0x00000068   Code   RO         4775    i.prvInsertBlockIntoFreeList  heap_4.o
    0x080052b4   0x080052b4   0x00000058   Code   RO         4643    i.prvInsertTimerInActiveList  timers.o
    0x0800530c   0x0800530c   0x0000001a   Code   RO         4043    i.prvIsQueueEmpty   queue.o
    0x08005326   0x08005326   0x0000001e   Code   RO         4044    i.prvIsQueueFull    queue.o
    0x08005344   0x08005344   0x000000a4   Code   RO         4045    i.prvNotifyQueueSetContainer  queue.o
    0x080053e8   0x080053e8   0x00000080   Code   RO         4644    i.prvProcessExpiredTimer  timers.o
    0x08005468   0x08005468   0x0000012c   Code   RO         4645    i.prvProcessReceivedCommands  timers.o
    0x08005594   0x08005594   0x00000074   Code   RO         4646    i.prvProcessTimerOrBlockTask  timers.o
    0x08005608   0x08005608   0x00000034   Code   RO         4284    i.prvResetNextTaskUnblockTime  tasks.o
    0x0800563c   0x0800563c   0x0000002c   Code   RO         4647    i.prvSampleTimeNow  timers.o
    0x08005668   0x08005668   0x000000bc   Code   RO         4648    i.prvSwitchTimerLists  timers.o
    0x08005724   0x08005724   0x00000070   Code   RO         4828    i.prvTaskExitError  port.o
    0x08005794   0x08005794   0x0000001a   Code   RO         4649    i.prvTimerTask      timers.o
    0x080057ae   0x080057ae   0x00000092   Code   RO         4046    i.prvUnlockQueue    queue.o
    0x08005840   0x08005840   0x00000158   Code   RO         4776    i.pvPortMalloc      heap_4.o
    0x08005998   0x08005998   0x00000020   Code   RO         4288    i.pvTaskIncrementMutexHeldCount  tasks.o
    0x080059b8   0x080059b8   0x00000024   Code   RO         4829    i.pxPortInitialiseStack  port.o
    0x080059dc   0x080059dc   0x00000118   Code   RO         3111    i.start_task        main.o
    0x08005af4   0x08005af4   0x00000068   Code   RO         3496    i.u2_printf         uart2.o
    0x08005b5c   0x08005b5c   0x00000084   Code   RO         3433    i.uart1_dma_rx_configuration  uart1.o
    0x08005be0   0x08005be0   0x000000a4   Code   RO         3435    i.uart1_init        uart1.o
    0x08005c84   0x08005c84   0x000000a4   Code   RO         3499    i.uart2_init        uart2.o
    0x08005d28   0x08005d28   0x00000084   Code   RO         3568    i.uart3_dma_rx_configuration  uart3.o
    0x08005dac   0x08005dac   0x000000a8   Code   RO         3569    i.uart3_init        uart3.o
    0x08005e54   0x08005e54   0x000000d0   Code   RO         3112    i.uiRefresh_task    main.o
    0x08005f24   0x08005f24   0x0000009c   Code   RO         5018    i.ui_ClockReload    oled_ui.o
    0x08005fc0   0x08005fc0   0x000000a8   Code   RO         5020    i.ui_ShowAllWeather  oled_ui.o
    0x08006068   0x08006068   0x00000068   Code   RO         5021    i.ui_ShowBootImg    oled_ui.o
    0x080060d0   0x080060d0   0x00000040   Code   RO         5022    i.ui_ShowLed        oled_ui.o
    0x08006110   0x08006110   0x0000039c   Code   RO         5023    i.ui_ShowTime       oled_ui.o
    0x080064ac   0x080064ac   0x00000078   Code   RO         5024    i.ui_WeatherReload  oled_ui.o
    0x08006524   0x08006524   0x00000028   Code   RO         3998    i.uxListRemove      list.o
    0x0800654c   0x0800654c   0x0000001a   Code   RO         3999    i.vListInitialise   list.o
    0x08006566   0x08006566   0x00000006   Code   RO         4000    i.vListInitialiseItem  list.o
    0x0800656c   0x0800656c   0x00000034   Code   RO         4001    i.vListInsert       list.o
    0x080065a0   0x080065a0   0x00000018   Code   RO         4002    i.vListInsertEnd    list.o
    0x080065b8   0x080065b8   0x00000088   Code   RO         4831    i.vPortEnterCritical  port.o
    0x08006640   0x08006640   0x00000070   Code   RO         4832    i.vPortExitCritical  port.o
    0x080066b0   0x080066b0   0x000000bc   Code   RO         4777    i.vPortFree         heap_4.o
    0x0800676c   0x0800676c   0x00000020   Code   RO         4833    i.vPortSetupTimerInterrupt  port.o
    0x0800678c   0x0800678c   0x000000a0   Code   RO         4834    i.vPortValidateInterruptPriority  port.o
    0x0800682c   0x0800682c   0x0000002c   Code   RO         4052    i.vQueueAddToRegistry  queue.o
    0x08006858   0x08006858   0x0000004a   Code   RO         4056    i.vQueueWaitForMessageRestricted  queue.o
    0x080068a2   0x080068a2   0x00000002   PAD
    0x080068a4   0x080068a4   0x00000078   Code   RO         4296    i.vTaskDelay        tasks.o
    0x0800691c   0x0800691c   0x00000110   Code   RO         4298    i.vTaskDelete       tasks.o
    0x08006a2c   0x08006a2c   0x0000000c   Code   RO         4302    i.vTaskMissedYield  tasks.o
    0x08006a38   0x08006a38   0x00000058   Code   RO         4304    i.vTaskPlaceOnEventList  tasks.o
    0x08006a90   0x08006a90   0x00000060   Code   RO         4305    i.vTaskPlaceOnEventListRestricted  tasks.o
    0x08006af0   0x08006af0   0x000000b0   Code   RO         4307    i.vTaskPriorityInherit  tasks.o
    0x08006ba0   0x08006ba0   0x00000050   Code   RO         4311    i.vTaskSetTimeOutState  tasks.o
    0x08006bf0   0x08006bf0   0x000000b0   Code   RO         4312    i.vTaskStartScheduler  tasks.o
    0x08006ca0   0x08006ca0   0x00000010   Code   RO         4314    i.vTaskSuspendAll   tasks.o
    0x08006cb0   0x08006cb0   0x000000ac   Code   RO         4315    i.vTaskSwitchContext  tasks.o
    0x08006d5c   0x08006d5c   0x00000060   Code   RO         3113    i.wifi_task         main.o
    0x08006dbc   0x08006dbc   0x000000a0   Code   RO         4835    i.xPortStartScheduler  port.o
    0x08006e5c   0x08006e5c   0x00000034   Code   RO         4836    i.xPortSysTickHandler  port.o
    0x08006e90   0x08006e90   0x00000078   Code   RO         4061    i.xQueueGenericCreate  queue.o
    0x08006f08   0x08006f08   0x000001cc   Code   RO         4062    i.xQueueGenericReceive  queue.o
    0x080070d4   0x080070d4   0x000000b4   Code   RO         4063    i.xQueueGenericReset  queue.o
    0x08007188   0x08007188   0x000001c8   Code   RO         4064    i.xQueueGenericSend  queue.o
    0x08007350   0x08007350   0x00000114   Code   RO         4065    i.xQueueGenericSendFromISR  queue.o
    0x08007464   0x08007464   0x000000a4   Code   RO         4316    i.xTaskCheckForTimeOut  tasks.o
    0x08007508   0x08007508   0x00000060   Code   RO         4317    i.xTaskCreate       tasks.o
    0x08007568   0x08007568   0x00000020   Code   RO         4321    i.xTaskGetSchedulerState  tasks.o
    0x08007588   0x08007588   0x0000000c   Code   RO         4322    i.xTaskGetTickCount  tasks.o
    0x08007594   0x08007594   0x00000164   Code   RO         4324    i.xTaskIncrementTick  tasks.o
    0x080076f8   0x080076f8   0x000000dc   Code   RO         4327    i.xTaskPriorityDisinherit  tasks.o
    0x080077d4   0x080077d4   0x000000b8   Code   RO         4328    i.xTaskRemoveFromEventList  tasks.o
    0x0800788c   0x0800788c   0x00000124   Code   RO         4330    i.xTaskResumeAll    tasks.o
    0x080079b0   0x080079b0   0x00000030   Code   RO         4652    i.xTimerCreate      timers.o
    0x080079e0   0x080079e0   0x00000074   Code   RO         4653    i.xTimerCreateTimerTask  timers.o
    0x08007a54   0x08007a54   0x000000a4   Code   RO         4654    i.xTimerGenericCommand  timers.o
    0x08007af8   0x08007af8   0x0000002c   Code   RO         5341    locale$$code        c_w.l(lc_ctype_c.o)
    0x08007b24   0x08007b24   0x0000002c   Code   RO         5344    locale$$code        c_w.l(lc_numeric_c.o)
    0x08007b50   0x08007b50   0x00000004   Code   RO         5253    x$fpl$printf1       fz_ws.l(printf1.o)
    0x08007b54   0x08007b54   0x00000004   Code   RO         5255    x$fpl$printf2       fz_ws.l(printf2.o)
    0x08007b58   0x08007b58   0x00000000   Code   RO         5356    x$fpl$usenofp       fz_ws.l(usenofp.o)
    0x08007b58   0x08007b58   0x00001238   Data   RO         5026    .constdata          oled_ui.o
    0x08008d90   0x08008d90   0x00000011   Data   RO         5139    .constdata          c_w.l(__printf_flags_ss_wp.o)
    0x08008da1   0x08008da1   0x00000003   PAD
    0x08008da4   0x08008da4   0x00000008   Data   RO         5195    .constdata          c_w.l(_printf_wctomb.o)
    0x08008dac   0x08008dac   0x00000028   Data   RO         5224    .constdata          c_w.l(_printf_hex_int_ll_ptr.o)
    0x08008dd4   0x08008dd4   0x00000026   Data   RO         5288    .constdata          c_w.l(_printf_fp_hex.o)
    0x08008dfa   0x08008dfa   0x00000002   PAD
    0x08008dfc   0x08008dfc   0x00000094   Data   RO         5316    .constdata          c_w.l(bigflt0.o)
    0x08008e90   0x08008e90   0x0000000e   Data   RO         4912    .conststring        onenet_http.o
    0x08008e9e   0x08008e9e   0x00000002   PAD
    0x08008ea0   0x08008ea0   0x00000074   Data   RO         4949    .conststring        seniverse_http.o
    0x08008f14   0x08008f14   0x00000020   Data   RO         5481    Region$$Table       anon$$obj.o
    0x08008f34   0x08008f34   0x00000110   Data   RO         5340    locale$$data        c_w.l(lc_ctype_c.o)
    0x08009044   0x08009044   0x0000001c   Data   RO         5343    locale$$data        c_w.l(lc_numeric_c.o)


    Execution Region RW_IRAM1 (Exec base: 0x20000000, Load base: 0x08009060, Size: 0x00004c50, Max: 0x00005000, ABSOLUTE)

    Exec Addr    Load Addr    Size         Type   Attr      Idx    E Section Name        Object

    0x20000000   0x08009060   0x00000014   Data   RW           28    .data               system_stm32f10x.o
    0x20000014   0x08009074   0x00000014   Data   RW         1738    .data               stm32f10x_rcc.o
    0x20000028   0x08009088   0x00000022   Data   RW         3114    .data               main.o
    0x2000004a   0x080090aa   0x00000004   Data   RW         3305    .data               delay.o
    0x2000004e   0x080090ae   0x00000002   PAD
    0x20000050   0x080090b0   0x00000004   Data   RW         3378    .data               usart.o
    0x20000054   0x080090b4   0x00000008   Data   RW         3405    .data               structure.o
    0x2000005c   0x080090bc   0x00000002   Data   RW         3437    .data               uart1.o
    0x2000005e   0x080090be   0x00000002   PAD
    0x20000060   0x080090c0   0x00000008   Data   RW         3501    .data               uart2.o
    0x20000068   0x080090c8   0x00000002   Data   RW         3571    .data               uart3.o
    0x2000006a   0x080090ca   0x00000003   Data   RW         3668    .data               wifi.o
    0x2000006d   0x080090cd   0x00000003   PAD
    0x20000070   0x080090d0   0x0000003c   Data   RW         4333    .data               tasks.o
    0x200000ac   0x0800910c   0x00000014   Data   RW         4662    .data               timers.o
    0x200000c0   0x08009120   0x00000018   Data   RW         4782    .data               heap_4.o
    0x200000d8   0x08009138   0x0000000c   Data   RW         4837    .data               port.o
    0x200000e4   0x08009144   0x00000008   Data   RW         4913    .data               onenet_http.o
    0x200000ec   0x0800914c   0x0000000d   Data   RW         5027    .data               oled_ui.o
    0x200000f9   0x08009159   0x00000003   PAD
    0x200000fc        -       0x00000026   Zero   RW         3404    .bss                structure.o
    0x20000122        -       0x00000028   Zero   RW         3436    .bss                uart1.o
    0x2000014a        -       0x00000898   Zero   RW         3500    .bss                uart2.o
    0x200009e2        -       0x0000003c   Zero   RW         3570    .bss                uart3.o
    0x20000a1e        -       0x00001000   Zero   RW         3789    .bss                oled.o
    0x20001a1e   0x08009159   0x00000002   PAD
    0x20001a20        -       0x00000040   Zero   RW         4076    .bss                queue.o
    0x20001a60        -       0x000002e4   Zero   RW         4332    .bss                tasks.o
    0x20001d44        -       0x00000028   Zero   RW         4661    .bss                timers.o
    0x20001d6c        -       0x00001800   Zero   RW         4781    .bss                heap_4.o
    0x2000356c        -       0x00001000   Zero   RW         4911    .bss                onenet_http.o
    0x2000456c        -       0x00000080   Zero   RW         5025    .bss                oled_ui.o
    0x200045ec        -       0x00000060   Zero   RW         5262    .bss                c_w.l(libspace.o)
    0x2000464c   0x08009159   0x00000004   PAD
    0x20004650        -       0x00000200   Zero   RW            2    HEAP                startup_stm32f10x_md.o
    0x20004850        -       0x00000400   Zero   RW            1    STACK               startup_stm32f10x_md.o


==============================================================================

Image component sizes


      Code (inc. data)   RO Data    RW Data    ZI Data      Debug   Object Name

         0          0          0          0          0       4508   core_cm3.o
       268         26          0          4          0       2937   delay.o
         0          0          0          0          0       7972   event_groups.o
       760        184          0         24       6144       4051   heap_4.o
       124          8          0          0          0        543   led.o
       148          0          0          0          0       3270   list.o
       764        188          0         34          0      20689   main.o
       172         22          0          0          0       2161   misc.o
       142          8          0          0          0       1672   net_time.o
      1210         28          0          0       4096       8481   oled.o
      1848        214       4664         13        128       7883   oled_ui.o
      1468        766         14          8       4096       2968   onenet_http.o
       950        320          0         12          0      10433   port.o
      2188        262          0          0         64      13245   queue.o
      1146        450        116          0          0       4659   seniverse_http.o
       268         20          0          0          0       1845   spi1.o
        64         26        236          0       1536        872   startup_stm32f10x_md.o
       456         18          0          0          0       5152   stm32f10x_dma.o
       440          6          0          0          0       4546   stm32f10x_gpio.o
        20          0          0          0          0       2685   stm32f10x_it.o
       372         50          0         20          0       6256   stm32f10x_rcc.o
       112          0          0          0          0       3934   stm32f10x_spi.o
       744        106          0          0          0       5504   stm32f10x_tim.o
       446          6          0          0          0       5775   stm32f10x_usart.o
         0          0          0          8         38       1785   structure.o
       328         28          0         20          0     266073   system_stm32f10x.o
      3458        930          0         60        740      29163   tasks.o
       276         42          0          0          0       1189   timer3.o
      1466        352          0         20         40      10394   timers.o
       396         34          0          2         40       2947   uart1.o
       400         42          0          8       2200       3636   uart2.o
       400         32          0          2         60       2963   uart3.o
        32          4          0          4          0       2970   usart.o
      2648       1340          0          3          0       7180   wifi.o

    ----------------------------------------------------------------------
     23534       5512       5064        252      19184     460341   Object Totals
         0          0         32          0          0          0   (incl. Generated)
        20          0          2         10          2          0   (incl. Padding)

    ----------------------------------------------------------------------

      Code (inc. data)   RO Data    RW Data    ZI Data      Debug   Library Member Name

        24          4          0          0          0         84   __2printf.o
        44          6          0          0          0         84   __2sprintf.o
         8          0          0          0          0         68   __main.o
       392          4         17          0          0         92   __printf_flags_ss_wp.o
        14          0          0          0          0         68   __printf_wp.o
         0          0          0          0          0          0   __rtentry.o
        12          0          0          0          0          0   __rtentry2.o
         6          0          0          0          0          0   __rtentry4.o
        52          8          0          0          0          0   __scatter.o
        26          0          0          0          0          0   __scatter_copy.o
        28          0          0          0          0          0   __scatter_zi.o
        28          0          0          0          0         68   _chval.o
         6          0          0          0          0          0   _printf_a.o
         6          0          0          0          0          0   _printf_c.o
        44          0          0          0          0        108   _printf_char.o
        48          6          0          0          0         96   _printf_char_common.o
        36          4          0          0          0         80   _printf_char_file.o
        40          0          0          0          0         68   _printf_charcount.o
         6          0          0          0          0          0   _printf_d.o
       120         16          0          0          0         92   _printf_dec.o
         6          0          0          0          0          0   _printf_e.o
         6          0          0          0          0          0   _printf_f.o
      1054          0          0          0          0        216   _printf_fp_dec.o
       764          8         38          0          0        100   _printf_fp_hex.o
       128         16          0          0          0         84   _printf_fp_infnan.o
         6          0          0          0          0          0   _printf_g.o
       148          4         40          0          0        160   _printf_hex_int_ll_ptr.o
         6          0          0          0          0          0   _printf_i.o
       178          0          0          0          0         88   _printf_intcommon.o
        10          0          0          0          0          0   _printf_l.o
         6          0          0          0          0          0   _printf_lc.o
        10          0          0          0          0          0   _printf_ll.o
         6          0          0          0          0          0   _printf_lld.o
         6          0          0          0          0          0   _printf_lli.o
         6          0          0          0          0          0   _printf_llo.o
         6          0          0          0          0          0   _printf_llu.o
         6          0          0          0          0          0   _printf_llx.o
       124         16          0          0          0         92   _printf_longlong_dec.o
         6          0          0          0          0          0   _printf_ls.o
         6          0          0          0          0          0   _printf_n.o
         6          0          0          0          0          0   _printf_o.o
       112         10          0          0          0        124   _printf_oct_int_ll.o
         6          0          0          0          0          0   _printf_p.o
        78          0          0          0          0        108   _printf_pad.o
         0          0          0          0          0          0   _printf_percent.o
         4          0          0          0          0          0   _printf_percent_end.o
         6          0          0          0          0          0   _printf_s.o
        82          0          0          0          0         80   _printf_str.o
        36          0          0          0          0         84   _printf_truncate.o
         6          0          0          0          0          0   _printf_u.o
        44          0          0          0          0        108   _printf_wchar.o
       188          6          8          0          0         92   _printf_wctomb.o
         6          0          0          0          0          0   _printf_x.o
        10          0          0          0          0         68   _sputc.o
       158          0          0          0          0         92   _strtoul.o
        64          0          0          0          0         92   _wcrtomb.o
        16          0          0          0          0         68   aeabi_memset.o
        26          0          0          0          0         80   atoi.o
       228          4        148          0          0         96   bigflt0.o
      1936        128          0          0          0        672   btod.o
        18          0          0          0          0         80   exit.o
         8          0          0          0          0         68   ferror.o
         6          0          0          0          0        152   heapauxi.o
        44         10        272          0          0         76   lc_ctype_c.o
        44         10         28          0          0         76   lc_numeric_c.o
         2          0          0          0          0          0   libinit.o
        30          0          0          0          0          0   libinit2.o
         2          0          0          0          0          0   libshutdown.o
         2          0          0          0          0          0   libshutdown2.o
         8          4          0          0         96         68   libspace.o
        38          0          0          0          0         68   llshl.o
       138          0          0          0          0         80   lludiv10.o
        38          0          0          0          0         68   llushr.o
        24          4          0          0          0         84   printf.o
        16          4          0          0          0         76   rt_ctype_table.o
         8          4          0          0          0         68   rt_errno_addr_intlibspace.o
         8          4          0          0          0         68   rt_locale_intlibspace.o
        68          0          0          0          0         68   rt_memclr.o
        78          0          0          0          0         80   rt_memclr_w.o
       138          0          0          0          0         68   rt_memcpy_v6.o
       100          0          0          0          0         80   rt_memcpy_w.o
         2          0          0          0          0          0   rtexit.o
        10          0          0          0          0          0   rtexit2.o
        24          0          0          0          0         68   strcat.o
       128          0          0          0          0         68   strcmpv7m.o
        62          0          0          0          0         76   strlen.o
        36          0          0          0          0         80   strstr.o
       112          0          0          0          0         88   strtol.o
        74          0          0          0          0         80   sys_stackheap_outer.o
         2          0          0          0          0         68   use_no_semi.o
         2          0          0          0          0         68   use_no_semi_2.o
        36          4          0          0          0         76   vsprintf.o
         4          0          0          0          0         68   printf1.o
         4          0          0          0          0         68   printf2.o
         0          0          0          0          0          0   usenofp.o
        40          0          0          0          0         68   fpclassify.o

    ----------------------------------------------------------------------
      7806        284        556          0        100       5616   Library Totals
        12          0          5          0          4          0   (incl. Padding)

    ----------------------------------------------------------------------

      Code (inc. data)   RO Data    RW Data    ZI Data      Debug   Library Name

      7746        284        551          0         96       5412   c_w.l
         8          0          0          0          0        136   fz_ws.l
        40          0          0          0          0         68   m_ws.l

    ----------------------------------------------------------------------
      7806        284        556          0        100       5616   Library Totals

    ----------------------------------------------------------------------

==============================================================================


      Code (inc. data)   RO Data    RW Data    ZI Data      Debug   

     31340       5796       5620        252      19284     453421   Grand Totals
     31340       5796       5620        252      19284     453421   ELF Image Totals
     31340       5796       5620        252          0          0   ROM Totals

==============================================================================

    Total RO  Size (Code + RO Data)                36960 (  36.09kB)
    Total RW  Size (RW Data + ZI Data)             19536 (  19.08kB)
    Total ROM Size (Code + RO Data + RW Data)      37212 (  36.34kB)

==============================================================================

